******************************************************************************
                  TI ARM Linker Unix v20.2.5                   
******************************************************************************
>> Linked Wed Jan 25 13:13:37 2023

OUTPUT FILE NAME:   <GroupProject.out>
ENTRY POINT SYMBOL: "_c_int00_noargs"  address: 0000632d


MEMORY CONFIGURATION

         name            origin    length      used     unused   attr    fill
----------------------  --------  ---------  --------  --------  ----  --------
  MAIN                  00000000   00040000  00007028  00038fd8  R  X
  INFO                  00200000   00004000  00000000  00004000  R  X
  SRAM_CODE             01000000   00010000  000002ff  0000fd01  RW X
  SRAM_DATA             20000000   00010000  000002ff  0000fd01  RW  


SEGMENT ALLOCATION MAP

run origin  load origin   length   init length attrs members
----------  ----------- ---------- ----------- ----- -------
00000000    00000000    00007028   00007028    r-x
  00000000    00000000    000000e4   000000e4    r-- .intvecs
  000000e4    000000e4    00006864   00006864    r-x .text
  00006948    00006948    00000638   00000638    r-- .const
  00006f80    00006f80    000000a8   000000a8    r-- .cinit
20000000    20000000    000000ff   00000000    rw-
  20000000    20000000    000000ac   00000000    rw- .data
  200000ac    200000ac    00000053   00000000    rw- .bss
2000fe00    2000fe00    00000200   00000000    rw-
  2000fe00    2000fe00    00000200   00000000    rw- .stack


SECTION ALLOCATION MAP

 output                                  attributes/
section   page    origin      length       input sections
--------  ----  ----------  ----------   ----------------
.intvecs   0    00000000    000000e4     
                  00000000    000000e4     startup_msp432p401r_ccs.obj (.intvecs:retain)

.text      0    000000e4    00006864     
                  000000e4    00000e9c     displaymenu.obj (.text)
                  00000f80    00000a4e     rtsv7M4_T_le_v4SPD16_eabi.lib : _printfi.c.obj (.text:__TI_printfi)
                  000019ce    00000002                                   : div0.asm.obj (.text)
                  000019d0    000009d0                                   : e_pow.c.obj (.text:pow)
                  000023a0    00000680     Crystalfontz128x128_ST7735.obj (.text)
                  00002a20    000004b0     main.obj (.text)
                  00002ed0    0000047e     grlib.a : string.obj (.text:Graphics_drawString)
                  0000334e    00000002     --HOLE-- [fill = 0]
                  00003350    00000408     HAL_TMP006.obj (.text)
                  00003758    00000334     system_msp432p401r.obj (.text)
                  00003a8c    00000270     rtsv7M4_T_le_v4SPD16_eabi.lib : _printfi.c.obj (.text:_pconv_a)
                  00003cfc    000001d0                                   : _printfi.c.obj (.text:_pconv_g)
                  00003ecc    000001b6                                   : fd_add_t2.asm.obj (.text)
                  00004082    00000002     --HOLE-- [fill = 0]
                  00004084    00000160     msp432p4xx_driverlib.lib : adc14.o (.text:_getIndexForMemRegister)
                  000041e4    0000015c                              : pcm.o (.text:__PCM_setPowerModeAdvanced)
                  00004340    00000158     rtsv7M4_T_le_v4SPD16_eabi.lib : e_sqrt.c.obj (.text:sqrt)
                  00004498    00000144     msp432p4xx_driverlib.lib : timer_a.o (.text:privateTimer_AProcessClockSourceDivider)
                  000045dc    0000013c     rtsv7M4_T_le_v4SPD16_eabi.lib : _printfi.c.obj (.text:_pconv_e)
                  00004718    00000136                                   : fd_div_t2.asm.obj (.text)
                  0000484e    00000002     --HOLE-- [fill = 0]
                  00004850    00000130     msp432p4xx_driverlib.lib : cs.o (.text:CS_initClockSignal)
                  00004980    00000124     rtsv7M4_T_le_v4SPD16_eabi.lib : _printfi.c.obj (.text:fcvt)
                  00004aa4    00000118     HAL_I2C.obj (.text)
                  00004bbc    00000110     rtsv7M4_T_le_v4SPD16_eabi.lib : s_scalbn.c.obj (.text:scalbn)
                  00004ccc    00000108     msp432p4xx_driverlib.lib : pcm.o (.text:__PCM_setCoreVoltageLevelAdvanced)
                  00004dd4    000000fc     rtsv7M4_T_le_v4SPD16_eabi.lib : fd_mul_t2.asm.obj (.text)
                  00004ed0    000000fa     grlib.a : string.obj (.text:Graphics_getStringWidth)
                  00004fca    00000002     --HOLE-- [fill = 0]
                  00004fcc    000000cc     HAL_MSP_EXP432P401R_Crystalfontz128x128_ST7735.obj (.text)
                  00005098    000000b4     msp432p4xx_driverlib.lib : adc14.o (.text:ADC14_configureConversionMemory)
                  0000514c    000000b4                              : adc14.o (.text:ADC14_configureMultiSequenceMode)
                  00005200    000000b1     rtsv7M4_T_le_v4SPD16_eabi.lib : _printfi.c.obj (.text:_ltostr)
                  000052b1    00000001     --HOLE-- [fill = 0]
                  000052b2    000000b0     msp432p4xx_driverlib.lib : spi.o (.text:SPI_initMaster)
                  00005362    0000009c     grlib.a : line.obj (.text:Graphics_drawLineH)
                  000053fe    0000009c     rtsv7M4_T_le_v4SPD16_eabi.lib : memcpy_t2.asm.obj (.text)
                  0000549a    00000096                                   : ull_div_t2.asm.obj (.text)
                  00005530    00000088     msp432p4xx_driverlib.lib : gpio.o (.text:GPIO_setAsPeripheralModuleFunctionInputPin)
                  000055b8    00000088                              : gpio.o (.text:GPIO_setAsPeripheralModuleFunctionOutputPin)
                  00005640    00000086     rtsv7M4_T_le_v4SPD16_eabi.lib : fd_cmp_t2.asm.obj (.text:__aeabi_cdcmple)
                  000056c6    00000086                                   : fd_cmp_t2.asm.obj (.text:__aeabi_cdrcmple)
                  0000574c    00000084     msp432p4xx_driverlib.lib : gpio.o (.text:GPIO_getEnabledInterruptStatus)
                  000057d0    00000080                              : interrupt.o (.text:Interrupt_enableInterrupt)
                  00005850    0000007a     rtsv7M4_T_le_v4SPD16_eabi.lib : memset_t2.asm.obj (.text)
                  000058ca    0000006e                                   : _printfi.c.obj (.text:_mcpy)
                  00005938    0000006e                                   : fd_tos_t2.asm.obj (.text)
                  000059a6    00000002     --HOLE-- [fill = 0]
                  000059a8    0000006c     msp432p4xx_driverlib.lib : i2c.o (.text:I2C_masterSendMultiByteFinish)
                  00005a14    00000068                              : i2c.o (.text:I2C_masterSendMultiByteStart)
                  00005a7c    00000068                              : timer_a.o (.text:Timer_A_configureUpMode)
                  00005ae4    00000068     rtsv7M4_T_le_v4SPD16_eabi.lib : copy_decompress_lzss.c.obj (.text:decompress:lzss:__TI_decompress_lzss)
                  00005b4c    00000064                                   : s_frexp.c.obj (.text:frexp)
                  00005bb0    00000062     msp432p4xx_driverlib.lib : i2c.o (.text:I2C_initMaster)
                  00005c12    0000005e                              : pcm.o (.text:PCM_getCoreVoltageLevel)
                  00005c70    0000005a                              : pcm.o (.text:PCM_getPowerMode)
                  00005cca    00000002     --HOLE-- [fill = 0]
                  00005ccc    00000058                              : gpio.o (.text:GPIO_setAsInputPinWithPullUpResistor)
                  00005d24    00000056     rtsv7M4_T_le_v4SPD16_eabi.lib : _printfi.c.obj (.text:_pconv_f)
                  00005d7a    00000002     --HOLE-- [fill = 0]
                  00005d7c    00000054     msp432p4xx_driverlib.lib : adc14.o (.text:ADC14_initModule)
                  00005dd0    00000054     rtsv7M4_T_le_v4SPD16_eabi.lib : _ltoa.c.obj (.text:__TI_ltoa)
                  00005e24    00000052     grlib.a : context.obj (.text:Graphics_initContext)
                  00005e76    00000052     rtsv7M4_T_le_v4SPD16_eabi.lib : _printfi.c.obj (.text:_ecpy)
                  00005ec8    0000004c                                   : atoi.c.obj (.text:atoi)
                  00005f14    00000048     msp432p4xx_driverlib.lib : flash.o (.text:FlashCtl_setWaitState)
                  00005f5c    00000048     grlib.a : string.obj (.text:Graphics_drawStringCentered)
                  00005fa4    00000048     rtsv7M4_T_le_v4SPD16_eabi.lib : fd_toi_t2.asm.obj (.text)
                  00005fec    00000044                                   : autoinit.c.obj (.text:__TI_auto_init_nobinit_nopinit:__TI_auto_init_nobinit_nopinit)
                  00006030    00000040     msp432p4xx_driverlib.lib : gpio.o (.text:GPIO_setAsOutputPin)
                  00006070    00000040     grlib.a : string.obj (.text:Graphics_getNumberOfLeadingZeros)
                  000060b0    00000040     msp432p4xx_driverlib.lib : i2c.o (.text:I2C_masterReceiveMultiByteFinish)
                  000060f0    00000040                              : spi.o (.text:is_A_Module)
                  00006130    00000040     rtsv7M4_T_le_v4SPD16_eabi.lib : sprintf.c.obj (.text:sprintf)
                  00006170    0000003e                                   : _printfi.c.obj (.text:_fcpy)
                  000061ae    00000002     --HOLE-- [fill = 0]
                  000061b0    00000038     msp432p4xx_driverlib.lib : adc14.o (.text:ADC14_getEnabledInterruptStatus)
                  000061e8    00000038                              : i2c.o (.text:I2C_masterSendMultiByteStop)
                  00006220    00000038     rtsv7M4_T_le_v4SPD16_eabi.lib : fs_tod_t2.asm.obj (.text)
                  00006258    00000036     grlib.a : display.obj (.text:Graphics_drawHorizontalLineOnDisplay)
                  0000628e    00000002     --HOLE-- [fill = 0]
                  00006290    00000034     msp432p4xx_driverlib.lib : adc14.o (.text:ADC14_enableSampleTimer)
                  000062c4    00000034                              : cs.o (.text:CS_setDCOCenteredFrequency)
                  000062f8    00000034                              : i2c.o (.text:I2C_masterSendMultiByteNext)
                  0000632c    00000034     rtsv7M4_T_le_v4SPD16_eabi.lib : boot_cortex_m.c.obj (.text:_c_int00_noargs:_c_int00_noargs)
                  00006360    00000030     msp432p4xx_driverlib.lib : adc14.o (.text:ADC14_clearInterruptFlag)
                  00006390    00000030                              : adc14.o (.text:ADC14_enableInterrupt)
                  000063c0    0000002e     rtsv7M4_T_le_v4SPD16_eabi.lib : i_tofd_t2.asm.obj (.text)
                  000063ee    00000002     --HOLE-- [fill = 0]
                  000063f0    0000002c     msp432p4xx_driverlib.lib : adc14.o (.text:ADC14_getInterruptStatus)
                  0000641c    0000002c                              : adc14.o (.text:ADC14_toggleConversionTrigger)
                  00006448    0000002c     grlib.a : display.obj (.text:Graphics_drawPixelOnDisplay)
                  00006474    0000002c     msp432p4xx_driverlib.lib : timer_a.o (.text:Timer_A_clearCaptureCompareInterrupt)
                  000064a0    00000028                              : adc14.o (.text:ADC14_enableConversion)
                  000064c8    00000028                              : adc14.o (.text:ADC14_getResult)
                  000064f0    00000028                              : gpio.o (.text:GPIO_clearInterruptFlag)
                  00006518    00000028                              : gpio.o (.text:GPIO_enableInterrupt)
                  00006540    00000028                              : gpio.o (.text:GPIO_setOutputHighOnPin)
                  00006568    00000028                              : gpio.o (.text:GPIO_setOutputLowOnPin)
                  00006590    00000028                              : pcm.o (.text:PCM_gotoLPM0)
                  000065b8    00000024                              : gpio.o (.text:GPIO_getInterruptStatus)
                  000065dc    00000024                              : wdt_a.o (.text:WDT_A_holdTimer)
                  00006600    0000001c                              : i2c.o (.text:I2C_setMode)
                  0000661c    0000001c                              : spi.o (.text:SPI_enableModule)
                  00006638    0000001c     rtsv7M4_T_le_v4SPD16_eabi.lib : copy_zero_init.c.obj (.text:decompress:ZI:__TI_zero_init_nomemset:__TI_zero_init_nomemset)
                  00006654    0000001c                                   : memccpy.c.obj (.text:memccpy)
                  00006670    0000001a     grlib.a : display.obj (.text:Graphics_clearDisplayOnDisplay)
                  0000668a    0000001a             : context.obj (.text:Graphics_setBackgroundColor)
                  000066a4    0000001a             : context.obj (.text:Graphics_setFont)
                  000066be    0000001a     msp432p4xx_driverlib.lib : i2c.o (.text:I2C_masterReceiveStart)
                  000066d8    0000001a     rtsv7M4_T_le_v4SPD16_eabi.lib : s_copysign.c.obj (.text:copysign)
                  000066f2    00000018     msp432p4xx_driverlib.lib : i2c.o (.text:I2C_getInterruptStatus)
                  0000670a    00000002     --HOLE-- [fill = 0]
                  0000670c    00000018                              : i2c.o (.text:I2C_isBusBusy)
                  00006724    00000018     rtsv7M4_T_le_v4SPD16_eabi.lib : sprintf.c.obj (.text:_outs)
                  0000673c    00000016     msp432p4xx_driverlib.lib : spi.o (.text:EUSCI_A_SPI_enable)
                  00006752    00000016                              : spi.o (.text:EUSCI_B_SPI_enable)
                  00006768    00000016     grlib.a : context.obj (.text:Graphics_setForegroundColor)
                  0000677e    00000016             : display.obj (.text:Graphics_translateColorOnDisplay)
                  00006794    00000016     msp432p4xx_driverlib.lib : i2c.o (.text:I2C_clearInterruptFlag)
                  000067aa    00000016                              : i2c.o (.text:I2C_disableModule)
                  000067c0    00000016                              : i2c.o (.text:I2C_enableModule)
                  000067d6    00000016                              : timer_a.o (.text:Timer_A_startCounter)
                  000067ec    00000016     rtsv7M4_T_le_v4SPD16_eabi.lib : strchr.c.obj (.text:strchr)
                  00006802    00000014     msp432p4xx_driverlib.lib : i2c.o (.text:I2C_masterReceiveMultiByteNext)
                  00006816    00000014                              : i2c.o (.text:I2C_setSlaveAddress)
                  0000682a    00000002     --HOLE-- [fill = 0]
                  0000682c    00000014                              : pcm.o (.text:PCM_getPowerState)
                  00006840    00000014     rtsv7M4_T_le_v4SPD16_eabi.lib : strlen.c.obj (.text:strlen)
                  00006854    00000012     grlib.a : context.obj (.text:Graphics_clearDisplay)
                  00006866    00000012     rtsv7M4_T_le_v4SPD16_eabi.lib : wcslen.c.obj (.text:wcslen)
                  00006878    00000010     msp432p4xx_driverlib.lib : adc14.o (.text:ADC14_disableConversion)
                  00006888    00000010                              : adc14.o (.text:ADCIsConversionRunning)
                  00006898    00000010                              : interrupt.o (.text:Interrupt_disableMaster)
                  000068a8    00000010                              : interrupt.o (.text:Interrupt_enableMaster)
                  000068b8    00000010                              : interrupt.o (.text:Interrupt_enableSleepOnIsrExit)
                  000068c8    00000010                              : pcm.o (.text:PCM_setCoreVoltageLevel)
                  000068d8    00000010                              : pcm.o (.text:PCM_setPowerMode)
                  000068e8    0000000e     rtsv7M4_T_le_v4SPD16_eabi.lib : copy_decompress_none.c.obj (.text:decompress:none:__TI_decompress_none)
                  000068f6    0000000e     startup_msp432p401r_ccs.obj (.text)
                  00006904    0000000c     msp432p4xx_driverlib.lib : adc14.o (.text:ADC14_enableModule)
                  00006910    0000000c                              : cpu.o (.text:CPU_cpsid)
                  0000691c    0000000c                              : cpu.o (.text:CPU_cpsie)
                  00006928    0000000a     rtsv7M4_T_le_v4SPD16_eabi.lib : sprintf.c.obj (.text:_outc)
                  00006932    00000002     --HOLE-- [fill = 0]
                  00006934    00000008                                   : errno.c.obj (.text:__aeabi_errno_addr)
                  0000693c    00000004     msp432p4xx_driverlib.lib : cpu.o (.text:CPU_wfi)
                  00006940    00000004     rtsv7M4_T_le_v4SPD16_eabi.lib : pre_init.c.obj (.text:_system_pre_init)
                  00006944    00000004                                   : exit.c.obj (.text:abort:abort)

.const     0    00006948    00000638     
                  00006948    000002f8     grlib.a : fontfixed6x8.obj (.const:.string:g_pucFontFixed6x8Data)
                  00006c40    00000101     rtsv7M4_T_le_v4SPD16_eabi.lib : ctype.c.obj (.const:.string:_ctypes_)
                  00006d41    00000003     --HOLE-- [fill = 0]
                  00006d44    000000c8     grlib.a : fontfixed6x8.obj (.const:g_sFontFixed6x8)
                  00006e0c    00000080     msp432p4xx_driverlib.lib : adc14.o (.const:_ctlRegs)
                  00006e8c    00000004     --HOLE-- [fill = 0]
                  00006e90    00000030     rtsv7M4_T_le_v4SPD16_eabi.lib : e_pow.c.obj (.const:$O1$$)
                  00006ec0    00000030     msp432p4xx_driverlib.lib : gpio.o (.const:GPIO_PORT_TO_BASE)
                  00006ef0    00000020     Crystalfontz128x128_ST7735.obj (.const:g_sCrystalfontz128x128_funcs)
                  00006f10    0000001c     HAL_MSP_EXP432P401R_Crystalfontz128x128_ST7735.obj (.const:$P$T0$1)
                  00006f2c    00000018     main.obj (.const:upConfig)
                  00006f44    00000018     main.obj (.const:upConfigSlow)
                  00006f5c    00000014     HAL_I2C.obj (.const:i2cConfig)
                  00006f70    00000008     Crystalfontz128x128_ST7735.obj (.const:$P$T0$1)
                  00006f78    00000008     msp432p4xx_driverlib.lib : interrupt.o (.const:g_pulEnRegs)

.cinit     0    00006f80    000000a8     
                  00006f80    00000083     (.cinit..data.load) [load image, compression = lzss]
                  00007003    00000001     --HOLE-- [fill = 0]
                  00007004    0000000c     (__TI_handler_table)
                  00007010    00000008     (.cinit..bss.load) [load image, compression = zero_init]
                  00007018    00000010     (__TI_cinit_table)

.init_array 
*          0    00000000    00000000     UNINITIALIZED

.binit     0    00000000    00000000     

.data      0    20000000    000000ac     UNINITIALIZED
                  20000000    00000080     main.obj (.data:fsm)
                  20000080    00000010     Crystalfontz128x128_ST7735.obj (.data:g_sCrystalfontz128x128)
                  20000090    00000009     main.obj (.data)
                  20000099    00000003     --HOLE--
                  2000009c    00000004     rtsv7M4_T_le_v4SPD16_eabi.lib : errno.c.obj (.data)
                  200000a0    00000008     HAL_TMP006.obj (.data)
                  200000a8    00000004     system_msp432p401r.obj (.data)

.bss       0    200000ac    00000053     UNINITIALIZED
                  200000ac    0000001c     (.common:background_context)
                  200000c8    0000001c     (.common:selected_context)
                  200000e4    00000004     (.common:temp)
                  200000e8    00000004     (.common:waterOn)
                  200000ec    00000002     (.common:Lcd_ScreenHeigth)
                  200000ee    00000002     (.common:Lcd_ScreenWidth)
                  200000f0    00000002     (.common:Lcd_TouchTrim)
                  200000f2    00000002     (.common:hum)
                  200000f4    00000002     (.common:lvlW)
                  200000f6    00000001     (.common:Lcd_FlagRead)
                  200000f7    00000001     (.common:Lcd_FontSolid)
                  200000f8    00000001     (.common:Lcd_Orientation)
                  200000f9    00000001     (.common:Lcd_PenSolid)
                  200000fa    00000001     (.common:buttonCenter)
                  200000fb    00000001     (.common:buttonDown)
                  200000fc    00000001     (.common:buttonUp)
                  200000fd    00000001     (.common:current_state)
                  200000fe    00000001     (.common:thum)

.stack     0    2000fe00    00000200     UNINITIALIZED
                  2000fe00    00000004     rtsv7M4_T_le_v4SPD16_eabi.lib : boot_cortex_m.c.obj (.stack)
                  2000fe04    000001fc     --HOLE--

__llvm_prf_cnts 
*          0    20000000    00000000     UNINITIALIZED

MODULE SUMMARY

       Module                                               code    ro data   rw data
       ------                                               ----    -------   -------
    ./
       main.obj                                             1200    48        420    
       system_msp432p401r.obj                               820     0         8      
       startup_msp432p401r_ccs.obj                          14      228       0      
    +--+----------------------------------------------------+-------+---------+---------+
       Total:                                               2034    276       428    
                                                                                     
    ./lib/
       displaymenu.obj                                      3740    0         0      
       HAL_TMP006.obj                                       1032    0         16     
       HAL_I2C.obj                                          280     20        0      
    +--+----------------------------------------------------+-------+---------+---------+
       Total:                                               5052    20        16     
                                                                                     
    ./lib/LcdDriver/
       Crystalfontz128x128_ST7735.obj                       1664    40        52     
       HAL_MSP_EXP432P401R_Crystalfontz128x128_ST7735.obj   204     28        0      
    +--+----------------------------------------------------+-------+---------+---------+
       Total:                                               1868    68        52     
                                                                                     
    /home/student/Downloads/simplelink_msp432p4_sdk_3_40_01_02/simplelink_msp432p4_sdk_3_40_01_02/source/ti/devices/msp432p4xx/driverlib/ccs/msp432p4xx_driverlib.lib
       adc14.o                                              1212    128       0      
       pcm.o                                                888     0         0      
       gpio.o                                               752     48        0      
       i2c.o                                                690     0         0      
       timer_a.o                                            494     0         0      
       cs.o                                                 356     0         0      
       spi.o                                                312     0         0      
       interrupt.o                                          176     8         0      
       flash.o                                              72      0         0      
       wdt_a.o                                              36      0         0      
       cpu.o                                                28      0         0      
    +--+----------------------------------------------------+-------+---------+---------+
       Total:                                               5016    184       0      
                                                                                     
    /home/student/Downloads/simplelink_msp432p4_sdk_3_40_01_02/simplelink_msp432p4_sdk_3_40_01_02/source/ti/grlib/lib/ccs/m4/grlib.a
       string.obj                                           1536    0         0      
       fontfixed6x8.obj                                     0       960       0      
       context.obj                                          174     0         0      
       line.obj                                             156     0         0      
       display.obj                                          146     0         0      
    +--+----------------------------------------------------+-------+---------+---------+
       Total:                                               2012    960       0      
                                                                                     
    /home/student/ti/ccs1010/ccs/tools/compiler/ti-cgt-arm_20.2.5.LTS/lib/rtsv7M4_T_le_v4SPD16_eabi.lib
       _printfi.c.obj                                       4851    0         0      
       e_pow.c.obj                                          2512    48        0      
       fd_add_t2.asm.obj                                    438     0         0      
       e_sqrt.c.obj                                         344     0         0      
       fd_div_t2.asm.obj                                    310     0         0      
       s_scalbn.c.obj                                       272     0         0      
       fd_cmp_t2.asm.obj                                    268     0         0      
       ctype.c.obj                                          0       257       0      
       fd_mul_t2.asm.obj                                    252     0         0      
       memcpy_t2.asm.obj                                    156     0         0      
       ull_div_t2.asm.obj                                   150     0         0      
       memset_t2.asm.obj                                    122     0         0      
       fd_tos_t2.asm.obj                                    110     0         0      
       copy_decompress_lzss.c.obj                           104     0         0      
       s_frexp.c.obj                                        100     0         0      
       sprintf.c.obj                                        98      0         0      
       _ltoa.c.obj                                          84      0         0      
       atoi.c.obj                                           76      0         0      
       fd_toi_t2.asm.obj                                    72      0         0      
       autoinit.c.obj                                       68      0         0      
       fs_tod_t2.asm.obj                                    56      0         0      
       boot_cortex_m.c.obj                                  52      0         0      
       i_tofd_t2.asm.obj                                    46      0         0      
       copy_zero_init.c.obj                                 28      0         0      
       memccpy.c.obj                                        28      0         0      
       s_copysign.c.obj                                     26      0         0      
       strchr.c.obj                                         22      0         0      
       strlen.c.obj                                         20      0         0      
       wcslen.c.obj                                         18      0         0      
       errno.c.obj                                          8       0         8      
       copy_decompress_none.c.obj                           14      0         0      
       exit.c.obj                                           4       0         0      
       pre_init.c.obj                                       4       0         0      
       div0.asm.obj                                         2       0         0      
    +--+----------------------------------------------------+-------+---------+---------+
       Total:                                               10715   305       8      
                                                                                     
       Stack:                                               0       0         1024   
       Linker Generated:                                    0       167       0      
    +--+----------------------------------------------------+-------+---------+---------+
       Grand Total:                                         26697   1980      1528   


LINKER GENERATED COPY TABLES

__TI_cinit_table @ 00007018 records: 2, size/record: 8, table size: 16
	.data: load addr=00006f80, load size=00000083 bytes, run addr=20000000, run size=000000ac bytes, compression=lzss
	.bss: load addr=00007010, load size=00000008 bytes, run addr=200000ac, run size=00000053 bytes, compression=zero_init


LINKER GENERATED HANDLER TABLE

__TI_handler_table @ 00007004 records: 3, size/record: 4, table size: 12
	index: 0, handler: __TI_decompress_lzss
	index: 1, handler: __TI_decompress_none
	index: 2, handler: __TI_zero_init


GLOBAL SYMBOLS: SORTED ALPHABETICALLY BY Name 

address   name                                       
-------   ----                                       
00002e19  ADC14_IRQHandler                           
00002e19  ADC14_IRQHandler                           
00006361  ADC14_clearInterruptFlag                   
00005099  ADC14_configureConversionMemory            
0000514d  ADC14_configureMultiSequenceMode           
00006879  ADC14_disableConversion                    
000064a1  ADC14_enableConversion                     
00006391  ADC14_enableInterrupt                      
00006905  ADC14_enableModule                         
00006291  ADC14_enableSampleTimer                    
000061b1  ADC14_getEnabledInterruptStatus            
000063f1  ADC14_getInterruptStatus                   
000064c9  ADC14_getResult                            
00005d7d  ADC14_initModule                           
0000641d  ADC14_toggleConversionTrigger              
00006903  AES256_IRQHandler                          
00000603  AM1On                                      
00000675  AM2On                                      
000006ed  AM3On                                      
00000881  AM4CUSTOMOn                                
00000779  AM4On                                      
00000801  AM5On                                      
00000123  AOn                                        
00000921  BMOn                                       
0000022f  BOn                                        
00006903  BusFault_Handler                           
00006945  C$$EXIT                                    
0000099d  CMOn                                       
00006903  COMP_E0_IRQHandler                         
00006903  COMP_E1_IRQHandler                         
00000359  COn                                        
00006911  CPU_cpsid                                  
0000691d  CPU_cpsie                                  
0000693d  CPU_wfi                                    
00006903  CS_IRQHandler                              
00004851  CS_initClockSignal                         
000062c5  CS_setDCOCenteredFrequency                 
000023a1  Crystalfontz128x128_Init                   
000024b5  Crystalfontz128x128_SetDrawFrame           
000025e3  Crystalfontz128x128_SetOrientation         
00006903  DMA_ERR_IRQHandler                         
00006903  DMA_INT0_IRQHandler                        
00006903  DMA_INT1_IRQHandler                        
00006903  DMA_INT2_IRQHandler                        
00006903  DMA_INT3_IRQHandler                        
00006903  DebugMon_Handler                           
00006903  Default_Handler                            
00000a91  DoneOn                                     
00000a71  EMOn                                       
000004db  EOn                                        
00006903  EUSCIA0_IRQHandler                         
00006903  EUSCIA1_IRQHandler                         
00006903  EUSCIA2_IRQHandler                         
00006903  EUSCIA3_IRQHandler                         
00006903  EUSCIB0_IRQHandler                         
00006903  EUSCIB1_IRQHandler                         
00006903  EUSCIB2_IRQHandler                         
00006903  EUSCIB3_IRQHandler                         
0000673d  EUSCI_A_SPI_enable                         
00006753  EUSCI_B_SPI_enable                         
00006903  FLCTL_IRQHandler                           
00006903  FPU_IRQHandler                             
00005f15  FlashCtl_setWaitState                      
000064f1  GPIO_clearInterruptFlag                    
00006519  GPIO_enableInterrupt                       
0000574d  GPIO_getEnabledInterruptStatus             
000065b9  GPIO_getInterruptStatus                    
00005ccd  GPIO_setAsInputPinWithPullUpResistor       
00006031  GPIO_setAsOutputPin                        
00005531  GPIO_setAsPeripheralModuleFunctionInputPin 
000055b9  GPIO_setAsPeripheralModuleFunctionOutputPin
00006541  GPIO_setOutputHighOnPin                    
00006569  GPIO_setOutputLowOnPin                     
00006855  Graphics_clearDisplay                      
00006671  Graphics_clearDisplayOnDisplay             
00006259  Graphics_drawHorizontalLineOnDisplay       
00005363  Graphics_drawLineH                         
00006449  Graphics_drawPixelOnDisplay                
00002ed1  Graphics_drawString                        
00005f5d  Graphics_drawStringCentered                
00004ed1  Graphics_getStringWidth                    
00005e25  Graphics_initContext                       
0000668b  Graphics_setBackgroundColor                
000066a5  Graphics_setFont                           
00006769  Graphics_setForegroundColor                
0000677f  Graphics_translateColorOnDisplay           
00004fcd  HAL_LCD_PortInit                           
00004ffd  HAL_LCD_SpiInit                            
00005033  HAL_LCD_writeCommand                       
00005063  HAL_LCD_writeData                          
00006903  HardFault_Handler                          
00006795  I2C_clearInterruptFlag                     
000067ab  I2C_disableModule                          
000067c1  I2C_enableModule                           
000066f3  I2C_getInterruptStatus                     
00004abd  I2C_init                                   
00005bb1  I2C_initMaster                             
0000670d  I2C_isBusBusy                              
000060b1  I2C_masterReceiveMultiByteFinish           
00006803  I2C_masterReceiveMultiByteNext             
000066bf  I2C_masterReceiveStart                     
000059a9  I2C_masterSendMultiByteFinish              
000062f9  I2C_masterSendMultiByteNext                
00005a15  I2C_masterSendMultiByteStart               
000061e9  I2C_masterSendMultiByteStop                
00004ad5  I2C_read16                                 
00006601  I2C_setMode                                
00006817  I2C_setSlaveAddress                        
00004b9f  I2C_setslave                               
00004b5b  I2C_write16                                
00004aa5  Init_I2C_GPIO                              
00006899  Interrupt_disableMaster                    
000057d1  Interrupt_enableInterrupt                  
000068a9  Interrupt_enableMaster                     
000068b9  Interrupt_enableSleepOnIsrExit             
200000f6  Lcd_FlagRead                               
200000f7  Lcd_FontSolid                              
200000f8  Lcd_Orientation                            
200000f9  Lcd_PenSolid                               
200000ec  Lcd_ScreenHeigth                           
200000ee  Lcd_ScreenWidth                            
200000f0  Lcd_TouchTrim                              
00000ac1  LowWaterDisplay                            
00006903  MemManage_Handler                          
00006903  NMI_Handler                                
00006903  PCM_IRQHandler                             
00005c13  PCM_getCoreVoltageLevel                    
00005c71  PCM_getPowerMode                           
0000682d  PCM_getPowerState                          
00006591  PCM_gotoLPM0                               
000068c9  PCM_setCoreVoltageLevel                    
000068d9  PCM_setPowerMode                           
00006903  PORT1_IRQHandler                           
00006903  PORT2_IRQHandler                           
00002d59  PORT3_IRQHandler                           
00002d59  PORT3_IRQHandler                           
00002da5  PORT4_IRQHandler                           
00002da5  PORT4_IRQHandler                           
00002ddb  PORT5_IRQHandler                           
00002ddb  PORT5_IRQHandler                           
00006903  PORT6_IRQHandler                           
00006903  PSS_IRQHandler                             
00006903  PendSV_Handler                             
00006903  RTC_C_IRQHandler                           
000068f7  Reset_Handler                              
0000661d  SPI_enableModule                           
000052b3  SPI_initMaster                             
00006903  SVC_Handler                                
00006903  SysTick_Handler                            
200000a8  SystemCoreClock                            
00003759  SystemCoreClockUpdate                      
000039d1  SystemInit                                 
00006903  T32_INT1_IRQHandler                        
00006903  T32_INT2_IRQHandler                        
00006903  T32_INTC_IRQHandler                        
00006903  TA0_0_IRQHandler                           
00006903  TA0_N_IRQHandler                           
00002c5f  TA1_0_IRQHandler                           
00002c5f  TA1_0_IRQHandler                           
00006903  TA1_N_IRQHandler                           
00002d05  TA2_0_IRQHandler                           
00002d05  TA2_0_IRQHandler                           
00006903  TA2_N_IRQHandler                           
00006903  TA3_0_IRQHandler                           
00006903  TA3_N_IRQHandler                           
000033b7  TMP006_getTemp                             
00003351  TMP006_init                                
000033a7  TMP006_readAmbientTemperature              
00003387  TMP006_readDeviceId                        
00003397  TMP006_readObjectVoltage                   
00006475  Timer_A_clearCaptureCompareInterrupt       
00005a7d  Timer_A_configureUpMode                    
000067d7  Timer_A_startCounter                       
00006903  UsageFault_Handler                         
4000480c  WDTCTL_SYM                                 
00006903  WDT_A_IRQHandler                           
000065dd  WDT_A_holdTimer                            
20010000  __STACK_END                                
00000200  __STACK_SIZE                               
00007018  __TI_CINIT_Base                            
00007028  __TI_CINIT_Limit                           
00007004  __TI_Handler_Table_Base                    
00007010  __TI_Handler_Table_Limit                   
00005fed  __TI_auto_init_nobinit_nopinit             
00005ae5  __TI_decompress_lzss                       
000068e9  __TI_decompress_none                       
00005dd1  __TI_ltoa                                  
ffffffff  __TI_pprof_out_hndl                        
00000f81  __TI_printfi                               
ffffffff  __TI_prof_data_size                        
ffffffff  __TI_prof_data_start                       
00000000  __TI_static_base__                         
00006639  __TI_zero_init_nomemset                    
00005641  __aeabi_cdcmpeq                            
00005641  __aeabi_cdcmple                            
000056c7  __aeabi_cdrcmple                           
00005939  __aeabi_d2f                                
00005fa5  __aeabi_d2iz                               
00003ed7  __aeabi_dadd                               
00004719  __aeabi_ddiv                               
00004dd5  __aeabi_dmul                               
00003ecd  __aeabi_dsub                               
00006935  __aeabi_errno_addr                         
00006221  __aeabi_f2d                                
000063c1  __aeabi_i2d                                
000019cf  __aeabi_idiv0                              
000019cf  __aeabi_ldiv0                              
00005851  __aeabi_memclr                             
00005851  __aeabi_memclr4                            
00005851  __aeabi_memclr8                            
000053ff  __aeabi_memcpy                             
000053ff  __aeabi_memcpy4                            
000053ff  __aeabi_memcpy8                            
00005853  __aeabi_memset                             
00005853  __aeabi_memset4                            
00005853  __aeabi_memset8                            
0000549b  __aeabi_uldivmod                           
ffffffff  __binit__                                  
ffffffff  __c_args__                                 
UNDEFED   __mpu_init                                 
2000fe00  __stack                                    
20000000  __start___llvm_prf_cnts                    
20000000  __stop___llvm_prf_cnts                     
0000632d  _c_int00_noargs                            
00006c40  _ctypes_                                   
00002a21  _graphicsInit                              
00002a59  _graphicsInitSelectedString                
00002ba5  _hwInit                                    
UNDEFED   _system_post_cinit                         
00006941  _system_pre_init                           
00002b03  _temperatureSensorInit                     
00006945  abort                                      
00005ec9  atoi                                       
200000ac  background_context                         
ffffffff  binit                                      
200000fa  buttonCenter                               
200000fb  buttonDown                                 
200000fc  buttonUp                                   
000000f9  clearDisplay                               
00002a8f  configureADC14                             
00002b23  configureButtons                           
00002b87  configureSlowTimer                         
00002b69  configureTimer                             
000066d9  copysign                                   
000066d9  copysignl                                  
200000fd  current_state                              
20000098  emergency_state                            
2000009c  errno                                      
00000aed  fn_A                                       
00000c59  fn_AM1                                     
00000cab  fn_AM2                                     
00000cfb  fn_AM3                                     
00000d85  fn_AM4                                     
00000e31  fn_AM4CUSTOM                               
00000de9  fn_AM5                                     
00000b45  fn_B                                       
00000e99  fn_BM                                      
00000b99  fn_C                                       
00000ef1  fn_CM                                      
00000f3d  fn_DONE                                    
00000bf1  fn_E                                       
00000f17  fn_EM                                      
00000f5d  fn_LOWWATER                                
00000adb  fn_WELCOME                                 
00005b4d  frexp                                      
00005b4d  frexpl                                     
20000000  fsm                                        
20000080  g_sCrystalfontz128x128                     
00006ef0  g_sCrystalfontz128x128_funcs               
00006d44  g_sFontFixed6x8                            
200000f2  hum                                        
00006f5c  i2cConfig                                  
00000000  interruptVectors                           
00004bbd  ldexp                                      
00004bbd  ldexpl                                     
200000f4  lvlW                                       
00002c43  main                                       
00006655  memccpy                                    
000053ff  memcpy                                     
00005859  memset                                     
000019d1  pow                                        
000019d1  powl                                       
000000e5  resetButtons                               
00004bbd  scalbn                                     
00004bbd  scalbnl                                    
200000c8  selected_context                           
00006131  sprintf                                    
00004341  sqrt                                       
00004341  sqrtl                                      
000067ed  strchr                                     
00006841  strlen                                     
200000e4  temp                                       
200000fe  thum                                       
00006f2c  upConfig                                   
00006f44  upConfigSlow                               
20000090  val                                        
20000094  val2                                       
200000e8  waterOn                                    
00006867  wcslen                                     
00000109  welcomeOn                                  


GLOBAL SYMBOLS: SORTED BY Symbol Address 

address   name                                       
-------   ----                                       
00000000  __TI_static_base__                         
00000000  interruptVectors                           
000000e5  resetButtons                               
000000f9  clearDisplay                               
00000109  welcomeOn                                  
00000123  AOn                                        
00000200  __STACK_SIZE                               
0000022f  BOn                                        
00000359  COn                                        
000004db  EOn                                        
00000603  AM1On                                      
00000675  AM2On                                      
000006ed  AM3On                                      
00000779  AM4On                                      
00000801  AM5On                                      
00000881  AM4CUSTOMOn                                
00000921  BMOn                                       
0000099d  CMOn                                       
00000a71  EMOn                                       
00000a91  DoneOn                                     
00000ac1  LowWaterDisplay                            
00000adb  fn_WELCOME                                 
00000aed  fn_A                                       
00000b45  fn_B                                       
00000b99  fn_C                                       
00000bf1  fn_E                                       
00000c59  fn_AM1                                     
00000cab  fn_AM2                                     
00000cfb  fn_AM3                                     
00000d85  fn_AM4                                     
00000de9  fn_AM5                                     
00000e31  fn_AM4CUSTOM                               
00000e99  fn_BM                                      
00000ef1  fn_CM                                      
00000f17  fn_EM                                      
00000f3d  fn_DONE                                    
00000f5d  fn_LOWWATER                                
00000f81  __TI_printfi                               
000019cf  __aeabi_idiv0                              
000019cf  __aeabi_ldiv0                              
000019d1  pow                                        
000019d1  powl                                       
000023a1  Crystalfontz128x128_Init                   
000024b5  Crystalfontz128x128_SetDrawFrame           
000025e3  Crystalfontz128x128_SetOrientation         
00002a21  _graphicsInit                              
00002a59  _graphicsInitSelectedString                
00002a8f  configureADC14                             
00002b03  _temperatureSensorInit                     
00002b23  configureButtons                           
00002b69  configureTimer                             
00002b87  configureSlowTimer                         
00002ba5  _hwInit                                    
00002c43  main                                       
00002c5f  TA1_0_IRQHandler                           
00002c5f  TA1_0_IRQHandler                           
00002d05  TA2_0_IRQHandler                           
00002d05  TA2_0_IRQHandler                           
00002d59  PORT3_IRQHandler                           
00002d59  PORT3_IRQHandler                           
00002da5  PORT4_IRQHandler                           
00002da5  PORT4_IRQHandler                           
00002ddb  PORT5_IRQHandler                           
00002ddb  PORT5_IRQHandler                           
00002e19  ADC14_IRQHandler                           
00002e19  ADC14_IRQHandler                           
00002ed1  Graphics_drawString                        
00003351  TMP006_init                                
00003387  TMP006_readDeviceId                        
00003397  TMP006_readObjectVoltage                   
000033a7  TMP006_readAmbientTemperature              
000033b7  TMP006_getTemp                             
00003759  SystemCoreClockUpdate                      
000039d1  SystemInit                                 
00003ecd  __aeabi_dsub                               
00003ed7  __aeabi_dadd                               
00004341  sqrt                                       
00004341  sqrtl                                      
00004719  __aeabi_ddiv                               
00004851  CS_initClockSignal                         
00004aa5  Init_I2C_GPIO                              
00004abd  I2C_init                                   
00004ad5  I2C_read16                                 
00004b5b  I2C_write16                                
00004b9f  I2C_setslave                               
00004bbd  ldexp                                      
00004bbd  ldexpl                                     
00004bbd  scalbn                                     
00004bbd  scalbnl                                    
00004dd5  __aeabi_dmul                               
00004ed1  Graphics_getStringWidth                    
00004fcd  HAL_LCD_PortInit                           
00004ffd  HAL_LCD_SpiInit                            
00005033  HAL_LCD_writeCommand                       
00005063  HAL_LCD_writeData                          
00005099  ADC14_configureConversionMemory            
0000514d  ADC14_configureMultiSequenceMode           
000052b3  SPI_initMaster                             
00005363  Graphics_drawLineH                         
000053ff  __aeabi_memcpy                             
000053ff  __aeabi_memcpy4                            
000053ff  __aeabi_memcpy8                            
000053ff  memcpy                                     
0000549b  __aeabi_uldivmod                           
00005531  GPIO_setAsPeripheralModuleFunctionInputPin 
000055b9  GPIO_setAsPeripheralModuleFunctionOutputPin
00005641  __aeabi_cdcmpeq                            
00005641  __aeabi_cdcmple                            
000056c7  __aeabi_cdrcmple                           
0000574d  GPIO_getEnabledInterruptStatus             
000057d1  Interrupt_enableInterrupt                  
00005851  __aeabi_memclr                             
00005851  __aeabi_memclr4                            
00005851  __aeabi_memclr8                            
00005853  __aeabi_memset                             
00005853  __aeabi_memset4                            
00005853  __aeabi_memset8                            
00005859  memset                                     
00005939  __aeabi_d2f                                
000059a9  I2C_masterSendMultiByteFinish              
00005a15  I2C_masterSendMultiByteStart               
00005a7d  Timer_A_configureUpMode                    
00005ae5  __TI_decompress_lzss                       
00005b4d  frexp                                      
00005b4d  frexpl                                     
00005bb1  I2C_initMaster                             
00005c13  PCM_getCoreVoltageLevel                    
00005c71  PCM_getPowerMode                           
00005ccd  GPIO_setAsInputPinWithPullUpResistor       
00005d7d  ADC14_initModule                           
00005dd1  __TI_ltoa                                  
00005e25  Graphics_initContext                       
00005ec9  atoi                                       
00005f15  FlashCtl_setWaitState                      
00005f5d  Graphics_drawStringCentered                
00005fa5  __aeabi_d2iz                               
00005fed  __TI_auto_init_nobinit_nopinit             
00006031  GPIO_setAsOutputPin                        
000060b1  I2C_masterReceiveMultiByteFinish           
00006131  sprintf                                    
000061b1  ADC14_getEnabledInterruptStatus            
000061e9  I2C_masterSendMultiByteStop                
00006221  __aeabi_f2d                                
00006259  Graphics_drawHorizontalLineOnDisplay       
00006291  ADC14_enableSampleTimer                    
000062c5  CS_setDCOCenteredFrequency                 
000062f9  I2C_masterSendMultiByteNext                
0000632d  _c_int00_noargs                            
00006361  ADC14_clearInterruptFlag                   
00006391  ADC14_enableInterrupt                      
000063c1  __aeabi_i2d                                
000063f1  ADC14_getInterruptStatus                   
0000641d  ADC14_toggleConversionTrigger              
00006449  Graphics_drawPixelOnDisplay                
00006475  Timer_A_clearCaptureCompareInterrupt       
000064a1  ADC14_enableConversion                     
000064c9  ADC14_getResult                            
000064f1  GPIO_clearInterruptFlag                    
00006519  GPIO_enableInterrupt                       
00006541  GPIO_setOutputHighOnPin                    
00006569  GPIO_setOutputLowOnPin                     
00006591  PCM_gotoLPM0                               
000065b9  GPIO_getInterruptStatus                    
000065dd  WDT_A_holdTimer                            
00006601  I2C_setMode                                
0000661d  SPI_enableModule                           
00006639  __TI_zero_init_nomemset                    
00006655  memccpy                                    
00006671  Graphics_clearDisplayOnDisplay             
0000668b  Graphics_setBackgroundColor                
000066a5  Graphics_setFont                           
000066bf  I2C_masterReceiveStart                     
000066d9  copysign                                   
000066d9  copysignl                                  
000066f3  I2C_getInterruptStatus                     
0000670d  I2C_isBusBusy                              
0000673d  EUSCI_A_SPI_enable                         
00006753  EUSCI_B_SPI_enable                         
00006769  Graphics_setForegroundColor                
0000677f  Graphics_translateColorOnDisplay           
00006795  I2C_clearInterruptFlag                     
000067ab  I2C_disableModule                          
000067c1  I2C_enableModule                           
000067d7  Timer_A_startCounter                       
000067ed  strchr                                     
00006803  I2C_masterReceiveMultiByteNext             
00006817  I2C_setSlaveAddress                        
0000682d  PCM_getPowerState                          
00006841  strlen                                     
00006855  Graphics_clearDisplay                      
00006867  wcslen                                     
00006879  ADC14_disableConversion                    
00006899  Interrupt_disableMaster                    
000068a9  Interrupt_enableMaster                     
000068b9  Interrupt_enableSleepOnIsrExit             
000068c9  PCM_setCoreVoltageLevel                    
000068d9  PCM_setPowerMode                           
000068e9  __TI_decompress_none                       
000068f7  Reset_Handler                              
00006903  AES256_IRQHandler                          
00006903  BusFault_Handler                           
00006903  COMP_E0_IRQHandler                         
00006903  COMP_E1_IRQHandler                         
00006903  CS_IRQHandler                              
00006903  DMA_ERR_IRQHandler                         
00006903  DMA_INT0_IRQHandler                        
00006903  DMA_INT1_IRQHandler                        
00006903  DMA_INT2_IRQHandler                        
00006903  DMA_INT3_IRQHandler                        
00006903  DebugMon_Handler                           
00006903  Default_Handler                            
00006903  EUSCIA0_IRQHandler                         
00006903  EUSCIA1_IRQHandler                         
00006903  EUSCIA2_IRQHandler                         
00006903  EUSCIA3_IRQHandler                         
00006903  EUSCIB0_IRQHandler                         
00006903  EUSCIB1_IRQHandler                         
00006903  EUSCIB2_IRQHandler                         
00006903  EUSCIB3_IRQHandler                         
00006903  FLCTL_IRQHandler                           
00006903  FPU_IRQHandler                             
00006903  HardFault_Handler                          
00006903  MemManage_Handler                          
00006903  NMI_Handler                                
00006903  PCM_IRQHandler                             
00006903  PORT1_IRQHandler                           
00006903  PORT2_IRQHandler                           
00006903  PORT6_IRQHandler                           
00006903  PSS_IRQHandler                             
00006903  PendSV_Handler                             
00006903  RTC_C_IRQHandler                           
00006903  SVC_Handler                                
00006903  SysTick_Handler                            
00006903  T32_INT1_IRQHandler                        
00006903  T32_INT2_IRQHandler                        
00006903  T32_INTC_IRQHandler                        
00006903  TA0_0_IRQHandler                           
00006903  TA0_N_IRQHandler                           
00006903  TA1_N_IRQHandler                           
00006903  TA2_N_IRQHandler                           
00006903  TA3_0_IRQHandler                           
00006903  TA3_N_IRQHandler                           
00006903  UsageFault_Handler                         
00006903  WDT_A_IRQHandler                           
00006905  ADC14_enableModule                         
00006911  CPU_cpsid                                  
0000691d  CPU_cpsie                                  
00006935  __aeabi_errno_addr                         
0000693d  CPU_wfi                                    
00006941  _system_pre_init                           
00006945  C$$EXIT                                    
00006945  abort                                      
00006c40  _ctypes_                                   
00006d44  g_sFontFixed6x8                            
00006ef0  g_sCrystalfontz128x128_funcs               
00006f2c  upConfig                                   
00006f44  upConfigSlow                               
00006f5c  i2cConfig                                  
00007004  __TI_Handler_Table_Base                    
00007010  __TI_Handler_Table_Limit                   
00007018  __TI_CINIT_Base                            
00007028  __TI_CINIT_Limit                           
20000000  __start___llvm_prf_cnts                    
20000000  __stop___llvm_prf_cnts                     
20000000  fsm                                        
20000080  g_sCrystalfontz128x128                     
20000090  val                                        
20000094  val2                                       
20000098  emergency_state                            
2000009c  errno                                      
200000a8  SystemCoreClock                            
200000ac  background_context                         
200000c8  selected_context                           
200000e4  temp                                       
200000e8  waterOn                                    
200000ec  Lcd_ScreenHeigth                           
200000ee  Lcd_ScreenWidth                            
200000f0  Lcd_TouchTrim                              
200000f2  hum                                        
200000f4  lvlW                                       
200000f6  Lcd_FlagRead                               
200000f7  Lcd_FontSolid                              
200000f8  Lcd_Orientation                            
200000f9  Lcd_PenSolid                               
200000fa  buttonCenter                               
200000fb  buttonDown                                 
200000fc  buttonUp                                   
200000fd  current_state                              
200000fe  thum                                       
2000fe00  __stack                                    
20010000  __STACK_END                                
4000480c  WDTCTL_SYM                                 
ffffffff  __TI_pprof_out_hndl                        
ffffffff  __TI_prof_data_size                        
ffffffff  __TI_prof_data_start                       
ffffffff  __binit__                                  
ffffffff  __c_args__                                 
ffffffff  binit                                      
UNDEFED   __mpu_init                                 
UNDEFED   _system_post_cinit                         

[300 symbols]
