<?xml version="1.0" encoding="ISO-8859-1" ?>
<link_info>
   <banner>TI ARM Linker Unix v20.2.5.LTS</banner>
   <copyright>Copyright (c) 1996-2018 Texas Instruments Incorporated</copyright>
   <link_time>0x63d11cf1</link_time>
   <link_errors>0x0</link_errors>
   <output_file>GroupProject.out</output_file>
   <entry_point>
      <name>_c_int00_noargs</name>
      <address>0x632d</address>
   </entry_point>
   <input_file_list>
      <input_file id="fl-2">
         <path>./</path>
         <kind>object</kind>
         <file>main.obj</file>
         <name>main.obj</name>
      </input_file>
      <input_file id="fl-3">
         <path>./</path>
         <kind>object</kind>
         <file>startup_msp432p401r_ccs.obj</file>
         <name>startup_msp432p401r_ccs.obj</name>
      </input_file>
      <input_file id="fl-4">
         <path>./</path>
         <kind>object</kind>
         <file>system_msp432p401r.obj</file>
         <name>system_msp432p401r.obj</name>
      </input_file>
      <input_file id="fl-5">
         <path>./lib/</path>
         <kind>object</kind>
         <file>HAL_I2C.obj</file>
         <name>HAL_I2C.obj</name>
      </input_file>
      <input_file id="fl-6">
         <path>./lib/</path>
         <kind>object</kind>
         <file>HAL_OPT3001.obj</file>
         <name>HAL_OPT3001.obj</name>
      </input_file>
      <input_file id="fl-7">
         <path>./lib/</path>
         <kind>object</kind>
         <file>HAL_TMP006.obj</file>
         <name>HAL_TMP006.obj</name>
      </input_file>
      <input_file id="fl-8">
         <path>./lib/</path>
         <kind>object</kind>
         <file>displaymenu.obj</file>
         <name>displaymenu.obj</name>
      </input_file>
      <input_file id="fl-9">
         <path>./lib/LcdDriver/</path>
         <kind>object</kind>
         <file>Crystalfontz128x128_ST7735.obj</file>
         <name>Crystalfontz128x128_ST7735.obj</name>
      </input_file>
      <input_file id="fl-a">
         <path>./lib/LcdDriver/</path>
         <kind>object</kind>
         <file>HAL_MSP_EXP432P401R_Crystalfontz128x128_ST7735.obj</file>
         <name>HAL_MSP_EXP432P401R_Crystalfontz128x128_ST7735.obj</name>
      </input_file>
      <input_file id="fl-10">
         <kind>object</kind>
         <file>&lt;internal&gt;</file>
         <name>&lt;internal&gt;</name>
      </input_file>
      <input_file id="fl-c6">
         <path>/home/student/ti/ccs1010/ccs/tools/compiler/ti-cgt-arm_20.2.5.LTS/lib/</path>
         <kind>archive</kind>
         <file>rtsv7M4_T_le_v4SPD16_eabi.lib</file>
         <name>sprintf.c.obj</name>
      </input_file>
      <input_file id="fl-c7">
         <path>/home/student/ti/ccs1010/ccs/tools/compiler/ti-cgt-arm_20.2.5.LTS/lib/</path>
         <kind>archive</kind>
         <file>rtsv7M4_T_le_v4SPD16_eabi.lib</file>
         <name>e_pow.c.obj</name>
      </input_file>
      <input_file id="fl-c8">
         <path>/home/student/ti/ccs1010/ccs/tools/compiler/ti-cgt-arm_20.2.5.LTS/lib/</path>
         <kind>archive</kind>
         <file>rtsv7M4_T_le_v4SPD16_eabi.lib</file>
         <name>e_sqrt.c.obj</name>
      </input_file>
      <input_file id="fl-c9">
         <path>/home/student/ti/ccs1010/ccs/tools/compiler/ti-cgt-arm_20.2.5.LTS/lib/</path>
         <kind>archive</kind>
         <file>rtsv7M4_T_le_v4SPD16_eabi.lib</file>
         <name>s_scalbn.c.obj</name>
      </input_file>
      <input_file id="fl-ca">
         <path>/home/student/ti/ccs1010/ccs/tools/compiler/ti-cgt-arm_20.2.5.LTS/lib/</path>
         <kind>archive</kind>
         <file>rtsv7M4_T_le_v4SPD16_eabi.lib</file>
         <name>fd_add_t2.asm.obj</name>
      </input_file>
      <input_file id="fl-cb">
         <path>/home/student/ti/ccs1010/ccs/tools/compiler/ti-cgt-arm_20.2.5.LTS/lib/</path>
         <kind>archive</kind>
         <file>rtsv7M4_T_le_v4SPD16_eabi.lib</file>
         <name>fd_cmp_t2.asm.obj</name>
      </input_file>
      <input_file id="fl-cc">
         <path>/home/student/ti/ccs1010/ccs/tools/compiler/ti-cgt-arm_20.2.5.LTS/lib/</path>
         <kind>archive</kind>
         <file>rtsv7M4_T_le_v4SPD16_eabi.lib</file>
         <name>fd_div_t2.asm.obj</name>
      </input_file>
      <input_file id="fl-cd">
         <path>/home/student/ti/ccs1010/ccs/tools/compiler/ti-cgt-arm_20.2.5.LTS/lib/</path>
         <kind>archive</kind>
         <file>rtsv7M4_T_le_v4SPD16_eabi.lib</file>
         <name>fd_mul_t2.asm.obj</name>
      </input_file>
      <input_file id="fl-ce">
         <path>/home/student/ti/ccs1010/ccs/tools/compiler/ti-cgt-arm_20.2.5.LTS/lib/</path>
         <kind>archive</kind>
         <file>rtsv7M4_T_le_v4SPD16_eabi.lib</file>
         <name>fd_tos_t2.asm.obj</name>
      </input_file>
      <input_file id="fl-cf">
         <path>/home/student/ti/ccs1010/ccs/tools/compiler/ti-cgt-arm_20.2.5.LTS/lib/</path>
         <kind>archive</kind>
         <file>rtsv7M4_T_le_v4SPD16_eabi.lib</file>
         <name>fs_tod_t2.asm.obj</name>
      </input_file>
      <input_file id="fl-d0">
         <path>/home/student/ti/ccs1010/ccs/tools/compiler/ti-cgt-arm_20.2.5.LTS/lib/</path>
         <kind>archive</kind>
         <file>rtsv7M4_T_le_v4SPD16_eabi.lib</file>
         <name>i_tofd_t2.asm.obj</name>
      </input_file>
      <input_file id="fl-d1">
         <path>/home/student/ti/ccs1010/ccs/tools/compiler/ti-cgt-arm_20.2.5.LTS/lib/</path>
         <kind>archive</kind>
         <file>rtsv7M4_T_le_v4SPD16_eabi.lib</file>
         <name>memcpy_t2.asm.obj</name>
      </input_file>
      <input_file id="fl-d2">
         <path>/home/student/ti/ccs1010/ccs/tools/compiler/ti-cgt-arm_20.2.5.LTS/lib/</path>
         <kind>archive</kind>
         <file>rtsv7M4_T_le_v4SPD16_eabi.lib</file>
         <name>copy_zero_init.c.obj</name>
      </input_file>
      <input_file id="fl-d3">
         <path>/home/student/ti/ccs1010/ccs/tools/compiler/ti-cgt-arm_20.2.5.LTS/lib/</path>
         <kind>archive</kind>
         <file>rtsv7M4_T_le_v4SPD16_eabi.lib</file>
         <name>copy_decompress_none.c.obj</name>
      </input_file>
      <input_file id="fl-d4">
         <path>/home/student/ti/ccs1010/ccs/tools/compiler/ti-cgt-arm_20.2.5.LTS/lib/</path>
         <kind>archive</kind>
         <file>rtsv7M4_T_le_v4SPD16_eabi.lib</file>
         <name>copy_decompress_lzss.c.obj</name>
      </input_file>
      <input_file id="fl-d5">
         <path>/home/student/ti/ccs1010/ccs/tools/compiler/ti-cgt-arm_20.2.5.LTS/lib/</path>
         <kind>archive</kind>
         <file>rtsv7M4_T_le_v4SPD16_eabi.lib</file>
         <name>errno.c.obj</name>
      </input_file>
      <input_file id="fl-d6">
         <path>/home/student/ti/ccs1010/ccs/tools/compiler/ti-cgt-arm_20.2.5.LTS/lib/</path>
         <kind>archive</kind>
         <file>rtsv7M4_T_le_v4SPD16_eabi.lib</file>
         <name>boot_cortex_m.c.obj</name>
      </input_file>
      <input_file id="fl-d7">
         <path>/home/student/ti/ccs1010/ccs/tools/compiler/ti-cgt-arm_20.2.5.LTS/lib/</path>
         <kind>archive</kind>
         <file>rtsv7M4_T_le_v4SPD16_eabi.lib</file>
         <name>_printfi.c.obj</name>
      </input_file>
      <input_file id="fl-d8">
         <path>/home/student/ti/ccs1010/ccs/tools/compiler/ti-cgt-arm_20.2.5.LTS/lib/</path>
         <kind>archive</kind>
         <file>rtsv7M4_T_le_v4SPD16_eabi.lib</file>
         <name>s_copysign.c.obj</name>
      </input_file>
      <input_file id="fl-d9">
         <path>/home/student/ti/ccs1010/ccs/tools/compiler/ti-cgt-arm_20.2.5.LTS/lib/</path>
         <kind>archive</kind>
         <file>rtsv7M4_T_le_v4SPD16_eabi.lib</file>
         <name>s_frexp.c.obj</name>
      </input_file>
      <input_file id="fl-da">
         <path>/home/student/ti/ccs1010/ccs/tools/compiler/ti-cgt-arm_20.2.5.LTS/lib/</path>
         <kind>archive</kind>
         <file>rtsv7M4_T_le_v4SPD16_eabi.lib</file>
         <name>wcslen.c.obj</name>
      </input_file>
      <input_file id="fl-db">
         <path>/home/student/ti/ccs1010/ccs/tools/compiler/ti-cgt-arm_20.2.5.LTS/lib/</path>
         <kind>archive</kind>
         <file>rtsv7M4_T_le_v4SPD16_eabi.lib</file>
         <name>fd_toi_t2.asm.obj</name>
      </input_file>
      <input_file id="fl-dc">
         <path>/home/student/ti/ccs1010/ccs/tools/compiler/ti-cgt-arm_20.2.5.LTS/lib/</path>
         <kind>archive</kind>
         <file>rtsv7M4_T_le_v4SPD16_eabi.lib</file>
         <name>ull_div_t2.asm.obj</name>
      </input_file>
      <input_file id="fl-dd">
         <path>/home/student/ti/ccs1010/ccs/tools/compiler/ti-cgt-arm_20.2.5.LTS/lib/</path>
         <kind>archive</kind>
         <file>rtsv7M4_T_le_v4SPD16_eabi.lib</file>
         <name>memset_t2.asm.obj</name>
      </input_file>
      <input_file id="fl-de">
         <path>/home/student/ti/ccs1010/ccs/tools/compiler/ti-cgt-arm_20.2.5.LTS/lib/</path>
         <kind>archive</kind>
         <file>rtsv7M4_T_le_v4SPD16_eabi.lib</file>
         <name>autoinit.c.obj</name>
      </input_file>
      <input_file id="fl-df">
         <path>/home/student/ti/ccs1010/ccs/tools/compiler/ti-cgt-arm_20.2.5.LTS/lib/</path>
         <kind>archive</kind>
         <file>rtsv7M4_T_le_v4SPD16_eabi.lib</file>
         <name>pre_init.c.obj</name>
      </input_file>
      <input_file id="fl-e0">
         <path>/home/student/ti/ccs1010/ccs/tools/compiler/ti-cgt-arm_20.2.5.LTS/lib/</path>
         <kind>archive</kind>
         <file>rtsv7M4_T_le_v4SPD16_eabi.lib</file>
         <name>cpy_tbl.c.obj</name>
      </input_file>
      <input_file id="fl-e1">
         <path>/home/student/ti/ccs1010/ccs/tools/compiler/ti-cgt-arm_20.2.5.LTS/lib/</path>
         <kind>archive</kind>
         <file>rtsv7M4_T_le_v4SPD16_eabi.lib</file>
         <name>exit.c.obj</name>
      </input_file>
      <input_file id="fl-e2">
         <path>/home/student/ti/ccs1010/ccs/tools/compiler/ti-cgt-arm_20.2.5.LTS/lib/</path>
         <kind>archive</kind>
         <file>rtsv7M4_T_le_v4SPD16_eabi.lib</file>
         <name>_lock.c.obj</name>
      </input_file>
      <input_file id="fl-e3">
         <path>/home/student/ti/ccs1010/ccs/tools/compiler/ti-cgt-arm_20.2.5.LTS/lib/</path>
         <kind>archive</kind>
         <file>rtsv7M4_T_le_v4SPD16_eabi.lib</file>
         <name>_ltoa.c.obj</name>
      </input_file>
      <input_file id="fl-e4">
         <path>/home/student/ti/ccs1010/ccs/tools/compiler/ti-cgt-arm_20.2.5.LTS/lib/</path>
         <kind>archive</kind>
         <file>rtsv7M4_T_le_v4SPD16_eabi.lib</file>
         <name>args_main.c.obj</name>
      </input_file>
      <input_file id="fl-e5">
         <path>/home/student/ti/ccs1010/ccs/tools/compiler/ti-cgt-arm_20.2.5.LTS/lib/</path>
         <kind>archive</kind>
         <file>rtsv7M4_T_le_v4SPD16_eabi.lib</file>
         <name>atoi.c.obj</name>
      </input_file>
      <input_file id="fl-e6">
         <path>/home/student/ti/ccs1010/ccs/tools/compiler/ti-cgt-arm_20.2.5.LTS/lib/</path>
         <kind>archive</kind>
         <file>rtsv7M4_T_le_v4SPD16_eabi.lib</file>
         <name>ctype.c.obj</name>
      </input_file>
      <input_file id="fl-e7">
         <path>/home/student/ti/ccs1010/ccs/tools/compiler/ti-cgt-arm_20.2.5.LTS/lib/</path>
         <kind>archive</kind>
         <file>rtsv7M4_T_le_v4SPD16_eabi.lib</file>
         <name>memccpy.c.obj</name>
      </input_file>
      <input_file id="fl-e8">
         <path>/home/student/ti/ccs1010/ccs/tools/compiler/ti-cgt-arm_20.2.5.LTS/lib/</path>
         <kind>archive</kind>
         <file>rtsv7M4_T_le_v4SPD16_eabi.lib</file>
         <name>strchr.c.obj</name>
      </input_file>
      <input_file id="fl-e9">
         <path>/home/student/ti/ccs1010/ccs/tools/compiler/ti-cgt-arm_20.2.5.LTS/lib/</path>
         <kind>archive</kind>
         <file>rtsv7M4_T_le_v4SPD16_eabi.lib</file>
         <name>strlen.c.obj</name>
      </input_file>
      <input_file id="fl-ea">
         <path>/home/student/ti/ccs1010/ccs/tools/compiler/ti-cgt-arm_20.2.5.LTS/lib/</path>
         <kind>archive</kind>
         <file>rtsv7M4_T_le_v4SPD16_eabi.lib</file>
         <name>div0.asm.obj</name>
      </input_file>
      <input_file id="fl-eb">
         <path>/home/student/Downloads/simplelink_msp432p4_sdk_3_40_01_02/simplelink_msp432p4_sdk_3_40_01_02/source/ti/devices/msp432p4xx/driverlib/ccs/</path>
         <kind>archive</kind>
         <file>msp432p4xx_driverlib.lib</file>
         <name>adc14.o</name>
      </input_file>
      <input_file id="fl-ec">
         <path>/home/student/Downloads/simplelink_msp432p4_sdk_3_40_01_02/simplelink_msp432p4_sdk_3_40_01_02/source/ti/devices/msp432p4xx/driverlib/ccs/</path>
         <kind>archive</kind>
         <file>msp432p4xx_driverlib.lib</file>
         <name>cs.o</name>
      </input_file>
      <input_file id="fl-ed">
         <path>/home/student/Downloads/simplelink_msp432p4_sdk_3_40_01_02/simplelink_msp432p4_sdk_3_40_01_02/source/ti/devices/msp432p4xx/driverlib/ccs/</path>
         <kind>archive</kind>
         <file>msp432p4xx_driverlib.lib</file>
         <name>flash.o</name>
      </input_file>
      <input_file id="fl-ee">
         <path>/home/student/Downloads/simplelink_msp432p4_sdk_3_40_01_02/simplelink_msp432p4_sdk_3_40_01_02/source/ti/devices/msp432p4xx/driverlib/ccs/</path>
         <kind>archive</kind>
         <file>msp432p4xx_driverlib.lib</file>
         <name>gpio.o</name>
      </input_file>
      <input_file id="fl-ef">
         <path>/home/student/Downloads/simplelink_msp432p4_sdk_3_40_01_02/simplelink_msp432p4_sdk_3_40_01_02/source/ti/devices/msp432p4xx/driverlib/ccs/</path>
         <kind>archive</kind>
         <file>msp432p4xx_driverlib.lib</file>
         <name>i2c.o</name>
      </input_file>
      <input_file id="fl-f0">
         <path>/home/student/Downloads/simplelink_msp432p4_sdk_3_40_01_02/simplelink_msp432p4_sdk_3_40_01_02/source/ti/devices/msp432p4xx/driverlib/ccs/</path>
         <kind>archive</kind>
         <file>msp432p4xx_driverlib.lib</file>
         <name>interrupt.o</name>
      </input_file>
      <input_file id="fl-f1">
         <path>/home/student/Downloads/simplelink_msp432p4_sdk_3_40_01_02/simplelink_msp432p4_sdk_3_40_01_02/source/ti/devices/msp432p4xx/driverlib/ccs/</path>
         <kind>archive</kind>
         <file>msp432p4xx_driverlib.lib</file>
         <name>pcm.o</name>
      </input_file>
      <input_file id="fl-f2">
         <path>/home/student/Downloads/simplelink_msp432p4_sdk_3_40_01_02/simplelink_msp432p4_sdk_3_40_01_02/source/ti/devices/msp432p4xx/driverlib/ccs/</path>
         <kind>archive</kind>
         <file>msp432p4xx_driverlib.lib</file>
         <name>rtc_c.o</name>
      </input_file>
      <input_file id="fl-f3">
         <path>/home/student/Downloads/simplelink_msp432p4_sdk_3_40_01_02/simplelink_msp432p4_sdk_3_40_01_02/source/ti/devices/msp432p4xx/driverlib/ccs/</path>
         <kind>archive</kind>
         <file>msp432p4xx_driverlib.lib</file>
         <name>spi.o</name>
      </input_file>
      <input_file id="fl-f4">
         <path>/home/student/Downloads/simplelink_msp432p4_sdk_3_40_01_02/simplelink_msp432p4_sdk_3_40_01_02/source/ti/devices/msp432p4xx/driverlib/ccs/</path>
         <kind>archive</kind>
         <file>msp432p4xx_driverlib.lib</file>
         <name>sysctl.o</name>
      </input_file>
      <input_file id="fl-f5">
         <path>/home/student/Downloads/simplelink_msp432p4_sdk_3_40_01_02/simplelink_msp432p4_sdk_3_40_01_02/source/ti/devices/msp432p4xx/driverlib/ccs/</path>
         <kind>archive</kind>
         <file>msp432p4xx_driverlib.lib</file>
         <name>sysctl_a.o</name>
      </input_file>
      <input_file id="fl-f6">
         <path>/home/student/Downloads/simplelink_msp432p4_sdk_3_40_01_02/simplelink_msp432p4_sdk_3_40_01_02/source/ti/devices/msp432p4xx/driverlib/ccs/</path>
         <kind>archive</kind>
         <file>msp432p4xx_driverlib.lib</file>
         <name>timer_a.o</name>
      </input_file>
      <input_file id="fl-f7">
         <path>/home/student/Downloads/simplelink_msp432p4_sdk_3_40_01_02/simplelink_msp432p4_sdk_3_40_01_02/source/ti/devices/msp432p4xx/driverlib/ccs/</path>
         <kind>archive</kind>
         <file>msp432p4xx_driverlib.lib</file>
         <name>wdt_a.o</name>
      </input_file>
      <input_file id="fl-f8">
         <path>/home/student/Downloads/simplelink_msp432p4_sdk_3_40_01_02/simplelink_msp432p4_sdk_3_40_01_02/source/ti/devices/msp432p4xx/driverlib/ccs/</path>
         <kind>archive</kind>
         <file>msp432p4xx_driverlib.lib</file>
         <name>cpu.o</name>
      </input_file>
      <input_file id="fl-f9">
         <path>/home/student/Downloads/simplelink_msp432p4_sdk_3_40_01_02/simplelink_msp432p4_sdk_3_40_01_02/source/ti/grlib/lib/ccs/m4/</path>
         <kind>archive</kind>
         <file>grlib.a</file>
         <name>context.obj</name>
      </input_file>
      <input_file id="fl-fa">
         <path>/home/student/Downloads/simplelink_msp432p4_sdk_3_40_01_02/simplelink_msp432p4_sdk_3_40_01_02/source/ti/grlib/lib/ccs/m4/</path>
         <kind>archive</kind>
         <file>grlib.a</file>
         <name>display.obj</name>
      </input_file>
      <input_file id="fl-fb">
         <path>/home/student/Downloads/simplelink_msp432p4_sdk_3_40_01_02/simplelink_msp432p4_sdk_3_40_01_02/source/ti/grlib/lib/ccs/m4/</path>
         <kind>archive</kind>
         <file>grlib.a</file>
         <name>fontfixed6x8.obj</name>
      </input_file>
      <input_file id="fl-fc">
         <path>/home/student/Downloads/simplelink_msp432p4_sdk_3_40_01_02/simplelink_msp432p4_sdk_3_40_01_02/source/ti/grlib/lib/ccs/m4/</path>
         <kind>archive</kind>
         <file>grlib.a</file>
         <name>string.obj</name>
      </input_file>
      <input_file id="fl-fd">
         <path>/home/student/Downloads/simplelink_msp432p4_sdk_3_40_01_02/simplelink_msp432p4_sdk_3_40_01_02/source/ti/grlib/lib/ccs/m4/</path>
         <kind>archive</kind>
         <file>grlib.a</file>
         <name>line.obj</name>
      </input_file>
   </input_file_list>
   <object_component_list>
      <object_component id="oc-26">
         <name>.intvecs:retain</name>
         <load_address>0x0</load_address>
         <run_address>0x0</run_address>
         <size>0xe4</size>
         <input_file_ref idref="fl-3"/>
      </object_component>
      <object_component id="oc-192">
         <name>.text</name>
         <load_address>0xe4</load_address>
         <run_address>0xe4</run_address>
         <size>0xe9c</size>
         <input_file_ref idref="fl-8"/>
      </object_component>
      <object_component id="oc-475">
         <name>.text:__TI_printfi</name>
         <load_address>0xf80</load_address>
         <run_address>0xf80</run_address>
         <size>0xa4e</size>
         <input_file_ref idref="fl-d7"/>
      </object_component>
      <object_component id="oc-5fe">
         <name>.text</name>
         <load_address>0x19ce</load_address>
         <run_address>0x19ce</run_address>
         <size>0x2</size>
         <input_file_ref idref="fl-ea"/>
      </object_component>
      <object_component id="oc-304">
         <name>.text:pow</name>
         <load_address>0x19d0</load_address>
         <run_address>0x19d0</run_address>
         <size>0x9d0</size>
         <input_file_ref idref="fl-c7"/>
      </object_component>
      <object_component id="oc-ac">
         <name>.text</name>
         <load_address>0x23a0</load_address>
         <run_address>0x23a0</run_address>
         <size>0x680</size>
         <input_file_ref idref="fl-9"/>
      </object_component>
      <object_component id="oc-6d">
         <name>.text</name>
         <load_address>0x2a20</load_address>
         <run_address>0x2a20</run_address>
         <size>0x4b0</size>
         <input_file_ref idref="fl-2"/>
      </object_component>
      <object_component id="oc-356">
         <name>.text:Graphics_drawString</name>
         <load_address>0x2ed0</load_address>
         <run_address>0x2ed0</run_address>
         <size>0x47e</size>
         <input_file_ref idref="fl-fc"/>
      </object_component>
      <object_component id="oc-106">
         <name>.text</name>
         <load_address>0x3350</load_address>
         <run_address>0x3350</run_address>
         <size>0x408</size>
         <input_file_ref idref="fl-7"/>
      </object_component>
      <object_component id="oc-a5">
         <name>.text</name>
         <load_address>0x3758</load_address>
         <run_address>0x3758</run_address>
         <size>0x334</size>
         <input_file_ref idref="fl-4"/>
      </object_component>
      <object_component id="oc-544">
         <name>.text:_pconv_a</name>
         <load_address>0x3a8c</load_address>
         <run_address>0x3a8c</run_address>
         <size>0x270</size>
         <input_file_ref idref="fl-d7"/>
      </object_component>
      <object_component id="oc-532">
         <name>.text:_pconv_g</name>
         <load_address>0x3cfc</load_address>
         <run_address>0x3cfc</run_address>
         <size>0x1d0</size>
         <input_file_ref idref="fl-d7"/>
      </object_component>
      <object_component id="oc-166">
         <name>.text</name>
         <load_address>0x3ecc</load_address>
         <run_address>0x3ecc</run_address>
         <size>0x1b6</size>
         <input_file_ref idref="fl-ca"/>
      </object_component>
      <object_component id="oc-289">
         <name>.text:_getIndexForMemRegister</name>
         <load_address>0x4084</load_address>
         <run_address>0x4084</run_address>
         <size>0x160</size>
         <input_file_ref idref="fl-eb"/>
      </object_component>
      <object_component id="oc-516">
         <name>.text:__PCM_setPowerModeAdvanced</name>
         <load_address>0x41e4</load_address>
         <run_address>0x41e4</run_address>
         <size>0x15c</size>
         <input_file_ref idref="fl-f1"/>
      </object_component>
      <object_component id="oc-41d">
         <name>.text:sqrt</name>
         <load_address>0x4340</load_address>
         <run_address>0x4340</run_address>
         <size>0x158</size>
         <input_file_ref idref="fl-c8"/>
      </object_component>
      <object_component id="oc-311">
         <name>.text:privateTimer_AProcessClockSourceDivider</name>
         <load_address>0x4498</load_address>
         <run_address>0x4498</run_address>
         <size>0x144</size>
         <input_file_ref idref="fl-f6"/>
      </object_component>
      <object_component id="oc-53e">
         <name>.text:_pconv_e</name>
         <load_address>0x45dc</load_address>
         <run_address>0x45dc</run_address>
         <size>0x13c</size>
         <input_file_ref idref="fl-d7"/>
      </object_component>
      <object_component id="oc-170">
         <name>.text</name>
         <load_address>0x4718</load_address>
         <run_address>0x4718</run_address>
         <size>0x136</size>
         <input_file_ref idref="fl-cc"/>
      </object_component>
      <object_component id="oc-154">
         <name>.text:CS_initClockSignal</name>
         <load_address>0x4850</load_address>
         <run_address>0x4850</run_address>
         <size>0x130</size>
         <input_file_ref idref="fl-ec"/>
      </object_component>
      <object_component id="oc-5bf">
         <name>.text:fcvt</name>
         <load_address>0x4980</load_address>
         <run_address>0x4980</run_address>
         <size>0x124</size>
         <input_file_ref idref="fl-d7"/>
      </object_component>
      <object_component id="oc-100">
         <name>.text</name>
         <load_address>0x4aa4</load_address>
         <run_address>0x4aa4</run_address>
         <size>0x118</size>
         <input_file_ref idref="fl-5"/>
      </object_component>
      <object_component id="oc-436">
         <name>.text:scalbn</name>
         <load_address>0x4bbc</load_address>
         <run_address>0x4bbc</run_address>
         <size>0x110</size>
         <input_file_ref idref="fl-c9"/>
      </object_component>
      <object_component id="oc-325">
         <name>.text:__PCM_setCoreVoltageLevelAdvanced</name>
         <load_address>0x4ccc</load_address>
         <run_address>0x4ccc</run_address>
         <size>0x108</size>
         <input_file_ref idref="fl-f1"/>
      </object_component>
      <object_component id="oc-16b">
         <name>.text</name>
         <load_address>0x4dd4</load_address>
         <run_address>0x4dd4</run_address>
         <size>0xfc</size>
         <input_file_ref idref="fl-cd"/>
      </object_component>
      <object_component id="oc-46c">
         <name>.text:Graphics_getStringWidth</name>
         <load_address>0x4ed0</load_address>
         <run_address>0x4ed0</run_address>
         <size>0xfa</size>
         <input_file_ref idref="fl-fc"/>
      </object_component>
      <object_component id="oc-249">
         <name>.text</name>
         <load_address>0x4fcc</load_address>
         <run_address>0x4fcc</run_address>
         <size>0xcc</size>
         <input_file_ref idref="fl-a"/>
      </object_component>
      <object_component id="oc-e8">
         <name>.text:ADC14_configureConversionMemory</name>
         <load_address>0x5098</load_address>
         <run_address>0x5098</run_address>
         <size>0xb4</size>
         <input_file_ref idref="fl-eb"/>
      </object_component>
      <object_component id="oc-e2">
         <name>.text:ADC14_configureMultiSequenceMode</name>
         <load_address>0x514c</load_address>
         <run_address>0x514c</run_address>
         <size>0xb4</size>
         <input_file_ref idref="fl-eb"/>
      </object_component>
      <object_component id="oc-52c">
         <name>.text:_ltostr</name>
         <load_address>0x5200</load_address>
         <run_address>0x5200</run_address>
         <size>0xb1</size>
         <input_file_ref idref="fl-d7"/>
      </object_component>
      <object_component id="oc-3c0">
         <name>.text:SPI_initMaster</name>
         <load_address>0x52b2</load_address>
         <run_address>0x52b2</run_address>
         <size>0xb0</size>
         <input_file_ref idref="fl-f3"/>
      </object_component>
      <object_component id="oc-494">
         <name>.text:Graphics_drawLineH</name>
         <load_address>0x5362</load_address>
         <run_address>0x5362</run_address>
         <size>0x9c</size>
         <input_file_ref idref="fl-fd"/>
      </object_component>
      <object_component id="oc-37">
         <name>.text</name>
         <load_address>0x53fe</load_address>
         <run_address>0x53fe</run_address>
         <size>0x9c</size>
         <input_file_ref idref="fl-d1"/>
      </object_component>
      <object_component id="oc-5a1">
         <name>.text</name>
         <load_address>0x549a</load_address>
         <run_address>0x549a</run_address>
         <size>0x96</size>
         <input_file_ref idref="fl-dc"/>
      </object_component>
      <object_component id="oc-d0">
         <name>.text:GPIO_setAsPeripheralModuleFunctionInputPin</name>
         <load_address>0x5530</load_address>
         <run_address>0x5530</run_address>
         <size>0x88</size>
         <input_file_ref idref="fl-ee"/>
      </object_component>
      <object_component id="oc-29b">
         <name>.text:GPIO_setAsPeripheralModuleFunctionOutputPin</name>
         <load_address>0x55b8</load_address>
         <run_address>0x55b8</run_address>
         <size>0x88</size>
         <input_file_ref idref="fl-ee"/>
      </object_component>
      <object_component id="oc-42c">
         <name>.text:__aeabi_cdcmple</name>
         <load_address>0x5640</load_address>
         <run_address>0x5640</run_address>
         <size>0x86</size>
         <input_file_ref idref="fl-cb"/>
      </object_component>
      <object_component id="oc-431">
         <name>.text:__aeabi_cdrcmple</name>
         <load_address>0x56c6</load_address>
         <run_address>0x56c6</run_address>
         <size>0x86</size>
         <input_file_ref idref="fl-cb"/>
      </object_component>
      <object_component id="oc-1a7">
         <name>.text:GPIO_getEnabledInterruptStatus</name>
         <load_address>0x574c</load_address>
         <run_address>0x574c</run_address>
         <size>0x84</size>
         <input_file_ref idref="fl-ee"/>
      </object_component>
      <object_component id="oc-fa">
         <name>.text:Interrupt_enableInterrupt</name>
         <load_address>0x57d0</load_address>
         <run_address>0x57d0</run_address>
         <size>0x80</size>
         <input_file_ref idref="fl-f0"/>
      </object_component>
      <object_component id="oc-8d">
         <name>.text</name>
         <load_address>0x5850</load_address>
         <run_address>0x5850</run_address>
         <size>0x7a</size>
         <input_file_ref idref="fl-dd"/>
      </object_component>
      <object_component id="oc-5b8">
         <name>.text:_mcpy</name>
         <load_address>0x58ca</load_address>
         <run_address>0x58ca</run_address>
         <size>0x6e</size>
         <input_file_ref idref="fl-d7"/>
      </object_component>
      <object_component id="oc-175">
         <name>.text</name>
         <load_address>0x5938</load_address>
         <run_address>0x5938</run_address>
         <size>0x6e</size>
         <input_file_ref idref="fl-ce"/>
      </object_component>
      <object_component id="oc-2ef">
         <name>.text:I2C_masterSendMultiByteFinish</name>
         <load_address>0x59a8</load_address>
         <run_address>0x59a8</run_address>
         <size>0x6c</size>
         <input_file_ref idref="fl-ef"/>
      </object_component>
      <object_component id="oc-2c5">
         <name>.text:I2C_masterSendMultiByteStart</name>
         <load_address>0x5a14</load_address>
         <run_address>0x5a14</run_address>
         <size>0x68</size>
         <input_file_ref idref="fl-ef"/>
      </object_component>
      <object_component id="oc-118">
         <name>.text:Timer_A_configureUpMode</name>
         <load_address>0x5a7c</load_address>
         <run_address>0x5a7c</run_address>
         <size>0x68</size>
         <input_file_ref idref="fl-f6"/>
      </object_component>
      <object_component id="oc-17">
         <name>.text:decompress:lzss:__TI_decompress_lzss</name>
         <load_address>0x5ae4</load_address>
         <run_address>0x5ae4</run_address>
         <size>0x68</size>
         <input_file_ref idref="fl-d4"/>
      </object_component>
      <object_component id="oc-5cd">
         <name>.text:frexp</name>
         <load_address>0x5b4c</load_address>
         <run_address>0x5b4c</run_address>
         <size>0x64</size>
         <input_file_ref idref="fl-d9"/>
      </object_component>
      <object_component id="oc-2a1">
         <name>.text:I2C_initMaster</name>
         <load_address>0x5bb0</load_address>
         <run_address>0x5bb0</run_address>
         <size>0x62</size>
         <input_file_ref idref="fl-ef"/>
      </object_component>
      <object_component id="oc-457">
         <name>.text:PCM_getCoreVoltageLevel</name>
         <load_address>0x5c12</load_address>
         <run_address>0x5c12</run_address>
         <size>0x5e</size>
         <input_file_ref idref="fl-f1"/>
      </object_component>
      <object_component id="oc-451">
         <name>.text:PCM_getPowerMode</name>
         <load_address>0x5c70</load_address>
         <run_address>0x5c70</run_address>
         <size>0x5a</size>
         <input_file_ref idref="fl-f1"/>
      </object_component>
      <object_component id="oc-10c">
         <name>.text:GPIO_setAsInputPinWithPullUpResistor</name>
         <load_address>0x5ccc</load_address>
         <run_address>0x5ccc</run_address>
         <size>0x58</size>
         <input_file_ref idref="fl-ee"/>
      </object_component>
      <object_component id="oc-538">
         <name>.text:_pconv_f</name>
         <load_address>0x5d24</load_address>
         <run_address>0x5d24</run_address>
         <size>0x56</size>
         <input_file_ref idref="fl-d7"/>
      </object_component>
      <object_component id="oc-dc">
         <name>.text:ADC14_initModule</name>
         <load_address>0x5d7c</load_address>
         <run_address>0x5d7c</run_address>
         <size>0x54</size>
         <input_file_ref idref="fl-eb"/>
      </object_component>
      <object_component id="oc-5ac">
         <name>.text:__TI_ltoa</name>
         <load_address>0x5dd0</load_address>
         <run_address>0x5dd0</run_address>
         <size>0x54</size>
         <input_file_ref idref="fl-e3"/>
      </object_component>
      <object_component id="oc-b2">
         <name>.text:Graphics_initContext</name>
         <load_address>0x5e24</load_address>
         <run_address>0x5e24</run_address>
         <size>0x52</size>
         <input_file_ref idref="fl-f9"/>
      </object_component>
      <object_component id="oc-5b2">
         <name>.text:_ecpy</name>
         <load_address>0x5e76</load_address>
         <run_address>0x5e76</run_address>
         <size>0x52</size>
         <input_file_ref idref="fl-d7"/>
      </object_component>
      <object_component id="oc-526">
         <name>.text:atoi</name>
         <load_address>0x5ec8</load_address>
         <run_address>0x5ec8</run_address>
         <size>0x4c</size>
         <input_file_ref idref="fl-e5"/>
      </object_component>
      <object_component id="oc-148">
         <name>.text:FlashCtl_setWaitState</name>
         <load_address>0x5f14</load_address>
         <run_address>0x5f14</run_address>
         <size>0x48</size>
         <input_file_ref idref="fl-ed"/>
      </object_component>
      <object_component id="oc-345">
         <name>.text:Graphics_drawStringCentered</name>
         <load_address>0x5f5c</load_address>
         <run_address>0x5f5c</run_address>
         <size>0x48</size>
         <input_file_ref idref="fl-fc"/>
      </object_component>
      <object_component id="oc-5a7">
         <name>.text</name>
         <load_address>0x5fa4</load_address>
         <run_address>0x5fa4</run_address>
         <size>0x48</size>
         <input_file_ref idref="fl-db"/>
      </object_component>
      <object_component id="oc-213">
         <name>.text:__TI_auto_init_nobinit_nopinit:__TI_auto_init_nobinit_nopinit</name>
         <load_address>0x5fec</load_address>
         <run_address>0x5fec</run_address>
         <size>0x44</size>
         <input_file_ref idref="fl-de"/>
      </object_component>
      <object_component id="oc-136">
         <name>.text:GPIO_setAsOutputPin</name>
         <load_address>0x6030</load_address>
         <run_address>0x6030</run_address>
         <size>0x40</size>
         <input_file_ref idref="fl-ee"/>
      </object_component>
      <object_component id="oc-48e">
         <name>.text:Graphics_getNumberOfLeadingZeros</name>
         <load_address>0x6070</load_address>
         <run_address>0x6070</run_address>
         <size>0x40</size>
         <input_file_ref idref="fl-fc"/>
      </object_component>
      <object_component id="oc-2e3">
         <name>.text:I2C_masterReceiveMultiByteFinish</name>
         <load_address>0x60b0</load_address>
         <run_address>0x60b0</run_address>
         <size>0x40</size>
         <input_file_ref idref="fl-ef"/>
      </object_component>
      <object_component id="oc-4c8">
         <name>.text:is_A_Module</name>
         <load_address>0x60f0</load_address>
         <run_address>0x60f0</run_address>
         <size>0x40</size>
         <input_file_ref idref="fl-f3"/>
      </object_component>
      <object_component id="oc-350">
         <name>.text:sprintf</name>
         <load_address>0x6130</load_address>
         <run_address>0x6130</run_address>
         <size>0x40</size>
         <input_file_ref idref="fl-c6"/>
      </object_component>
      <object_component id="oc-5c5">
         <name>.text:_fcpy</name>
         <load_address>0x6170</load_address>
         <run_address>0x6170</run_address>
         <size>0x3e</size>
         <input_file_ref idref="fl-d7"/>
      </object_component>
      <object_component id="oc-1b9">
         <name>.text:ADC14_getEnabledInterruptStatus</name>
         <load_address>0x61b0</load_address>
         <run_address>0x61b0</run_address>
         <size>0x38</size>
         <input_file_ref idref="fl-eb"/>
      </object_component>
      <object_component id="oc-2d1">
         <name>.text:I2C_masterSendMultiByteStop</name>
         <load_address>0x61e8</load_address>
         <run_address>0x61e8</run_address>
         <size>0x38</size>
         <input_file_ref idref="fl-ef"/>
      </object_component>
      <object_component id="oc-34b">
         <name>.text</name>
         <load_address>0x6220</load_address>
         <run_address>0x6220</run_address>
         <size>0x38</size>
         <input_file_ref idref="fl-cf"/>
      </object_component>
      <object_component id="oc-567">
         <name>.text:Graphics_drawHorizontalLineOnDisplay</name>
         <load_address>0x6258</load_address>
         <run_address>0x6258</run_address>
         <size>0x36</size>
         <input_file_ref idref="fl-fa"/>
      </object_component>
      <object_component id="oc-ee">
         <name>.text:ADC14_enableSampleTimer</name>
         <load_address>0x6290</load_address>
         <run_address>0x6290</run_address>
         <size>0x34</size>
         <input_file_ref idref="fl-eb"/>
      </object_component>
      <object_component id="oc-14e">
         <name>.text:CS_setDCOCenteredFrequency</name>
         <load_address>0x62c4</load_address>
         <run_address>0x62c4</run_address>
         <size>0x34</size>
         <input_file_ref idref="fl-ec"/>
      </object_component>
      <object_component id="oc-2e9">
         <name>.text:I2C_masterSendMultiByteNext</name>
         <load_address>0x62f8</load_address>
         <run_address>0x62f8</run_address>
         <size>0x34</size>
         <input_file_ref idref="fl-ef"/>
      </object_component>
      <object_component id="oc-55">
         <name>.text:_c_int00_noargs:_c_int00_noargs</name>
         <load_address>0x632c</load_address>
         <run_address>0x632c</run_address>
         <size>0x34</size>
         <input_file_ref idref="fl-d6"/>
      </object_component>
      <object_component id="oc-1bf">
         <name>.text:ADC14_clearInterruptFlag</name>
         <load_address>0x6360</load_address>
         <run_address>0x6360</run_address>
         <size>0x30</size>
         <input_file_ref idref="fl-eb"/>
      </object_component>
      <object_component id="oc-f4">
         <name>.text:ADC14_enableInterrupt</name>
         <load_address>0x6390</load_address>
         <run_address>0x6390</run_address>
         <size>0x30</size>
         <input_file_ref idref="fl-eb"/>
      </object_component>
      <object_component id="oc-2ff">
         <name>.text</name>
         <load_address>0x63c0</load_address>
         <run_address>0x63c0</run_address>
         <size>0x2e</size>
         <input_file_ref idref="fl-d0"/>
      </object_component>
      <object_component id="oc-389">
         <name>.text:ADC14_getInterruptStatus</name>
         <load_address>0x63f0</load_address>
         <run_address>0x63f0</run_address>
         <size>0x2c</size>
         <input_file_ref idref="fl-eb"/>
      </object_component>
      <object_component id="oc-180">
         <name>.text:ADC14_toggleConversionTrigger</name>
         <load_address>0x641c</load_address>
         <run_address>0x641c</run_address>
         <size>0x2c</size>
         <input_file_ref idref="fl-eb"/>
      </object_component>
      <object_component id="oc-49a">
         <name>.text:Graphics_drawPixelOnDisplay</name>
         <load_address>0x6448</load_address>
         <run_address>0x6448</run_address>
         <size>0x2c</size>
         <input_file_ref idref="fl-fa"/>
      </object_component>
      <object_component id="oc-18c">
         <name>.text:Timer_A_clearCaptureCompareInterrupt</name>
         <load_address>0x6474</load_address>
         <run_address>0x6474</run_address>
         <size>0x2c</size>
         <input_file_ref idref="fl-f6"/>
      </object_component>
      <object_component id="oc-17a">
         <name>.text:ADC14_enableConversion</name>
         <load_address>0x64a0</load_address>
         <run_address>0x64a0</run_address>
         <size>0x28</size>
         <input_file_ref idref="fl-eb"/>
      </object_component>
      <object_component id="oc-1c5">
         <name>.text:ADC14_getResult</name>
         <load_address>0x64c8</load_address>
         <run_address>0x64c8</run_address>
         <size>0x28</size>
         <input_file_ref idref="fl-eb"/>
      </object_component>
      <object_component id="oc-1ad">
         <name>.text:GPIO_clearInterruptFlag</name>
         <load_address>0x64f0</load_address>
         <run_address>0x64f0</run_address>
         <size>0x28</size>
         <input_file_ref idref="fl-ee"/>
      </object_component>
      <object_component id="oc-112">
         <name>.text:GPIO_enableInterrupt</name>
         <load_address>0x6518</load_address>
         <run_address>0x6518</run_address>
         <size>0x28</size>
         <input_file_ref idref="fl-ee"/>
      </object_component>
      <object_component id="oc-186">
         <name>.text:GPIO_setOutputHighOnPin</name>
         <load_address>0x6540</load_address>
         <run_address>0x6540</run_address>
         <size>0x28</size>
         <input_file_ref idref="fl-ee"/>
      </object_component>
      <object_component id="oc-13c">
         <name>.text:GPIO_setOutputLowOnPin</name>
         <load_address>0x6568</load_address>
         <run_address>0x6568</run_address>
         <size>0x28</size>
         <input_file_ref idref="fl-ee"/>
      </object_component>
      <object_component id="oc-160">
         <name>.text:PCM_gotoLPM0</name>
         <load_address>0x6590</load_address>
         <run_address>0x6590</run_address>
         <size>0x28</size>
         <input_file_ref idref="fl-f1"/>
      </object_component>
      <object_component id="oc-37f">
         <name>.text:GPIO_getInterruptStatus</name>
         <load_address>0x65b8</load_address>
         <run_address>0x65b8</run_address>
         <size>0x24</size>
         <input_file_ref idref="fl-ee"/>
      </object_component>
      <object_component id="oc-12a">
         <name>.text:WDT_A_holdTimer</name>
         <load_address>0x65dc</load_address>
         <run_address>0x65dc</run_address>
         <size>0x24</size>
         <input_file_ref idref="fl-f7"/>
      </object_component>
      <object_component id="oc-2b3">
         <name>.text:I2C_setMode</name>
         <load_address>0x6600</load_address>
         <run_address>0x6600</run_address>
         <size>0x1c</size>
         <input_file_ref idref="fl-ef"/>
      </object_component>
      <object_component id="oc-3c6">
         <name>.text:SPI_enableModule</name>
         <load_address>0x661c</load_address>
         <run_address>0x661c</run_address>
         <size>0x1c</size>
         <input_file_ref idref="fl-f3"/>
      </object_component>
      <object_component id="oc-43">
         <name>.text:decompress:ZI:__TI_zero_init_nomemset:__TI_zero_init_nomemset</name>
         <load_address>0x6638</load_address>
         <run_address>0x6638</run_address>
         <size>0x1c</size>
         <input_file_ref idref="fl-d2"/>
      </object_component>
      <object_component id="oc-54a">
         <name>.text:memccpy</name>
         <load_address>0x6654</load_address>
         <run_address>0x6654</run_address>
         <size>0x1c</size>
         <input_file_ref idref="fl-e7"/>
      </object_component>
      <object_component id="oc-271">
         <name>.text:Graphics_clearDisplayOnDisplay</name>
         <load_address>0x6670</load_address>
         <run_address>0x6670</run_address>
         <size>0x1a</size>
         <input_file_ref idref="fl-fa"/>
      </object_component>
      <object_component id="oc-be">
         <name>.text:Graphics_setBackgroundColor</name>
         <load_address>0x668a</load_address>
         <run_address>0x668a</run_address>
         <size>0x1a</size>
         <input_file_ref idref="fl-f9"/>
      </object_component>
      <object_component id="oc-c4">
         <name>.text:Graphics_setFont</name>
         <load_address>0x66a4</load_address>
         <run_address>0x66a4</run_address>
         <size>0x1a</size>
         <input_file_ref idref="fl-f9"/>
      </object_component>
      <object_component id="oc-2d7">
         <name>.text:I2C_masterReceiveStart</name>
         <load_address>0x66be</load_address>
         <run_address>0x66be</run_address>
         <size>0x1a</size>
         <input_file_ref idref="fl-ef"/>
      </object_component>
      <object_component id="oc-4ff">
         <name>.text:copysign</name>
         <load_address>0x66d8</load_address>
         <run_address>0x66d8</run_address>
         <size>0x1a</size>
         <input_file_ref idref="fl-d8"/>
      </object_component>
      <object_component id="oc-2cb">
         <name>.text:I2C_getInterruptStatus</name>
         <load_address>0x66f2</load_address>
         <run_address>0x66f2</run_address>
         <size>0x18</size>
         <input_file_ref idref="fl-ef"/>
      </object_component>
      <object_component id="oc-2bf">
         <name>.text:I2C_isBusBusy</name>
         <load_address>0x670c</load_address>
         <run_address>0x670c</run_address>
         <size>0x18</size>
         <input_file_ref idref="fl-ef"/>
      </object_component>
      <object_component id="oc-47b">
         <name>.text:_outs</name>
         <load_address>0x6724</load_address>
         <run_address>0x6724</run_address>
         <size>0x18</size>
         <input_file_ref idref="fl-c6"/>
      </object_component>
      <object_component id="oc-4d0">
         <name>.text:EUSCI_A_SPI_enable</name>
         <load_address>0x673c</load_address>
         <run_address>0x673c</run_address>
         <size>0x16</size>
         <input_file_ref idref="fl-f3"/>
      </object_component>
      <object_component id="oc-4d6">
         <name>.text:EUSCI_B_SPI_enable</name>
         <load_address>0x6752</load_address>
         <run_address>0x6752</run_address>
         <size>0x16</size>
         <input_file_ref idref="fl-f3"/>
      </object_component>
      <object_component id="oc-b8">
         <name>.text:Graphics_setForegroundColor</name>
         <load_address>0x6768</load_address>
         <run_address>0x6768</run_address>
         <size>0x16</size>
         <input_file_ref idref="fl-f9"/>
      </object_component>
      <object_component id="oc-263">
         <name>.text:Graphics_translateColorOnDisplay</name>
         <load_address>0x677e</load_address>
         <run_address>0x677e</run_address>
         <size>0x16</size>
         <input_file_ref idref="fl-fa"/>
      </object_component>
      <object_component id="oc-2b9">
         <name>.text:I2C_clearInterruptFlag</name>
         <load_address>0x6794</load_address>
         <run_address>0x6794</run_address>
         <size>0x16</size>
         <input_file_ref idref="fl-ef"/>
      </object_component>
      <object_component id="oc-2a7">
         <name>.text:I2C_disableModule</name>
         <load_address>0x67aa</load_address>
         <run_address>0x67aa</run_address>
         <size>0x16</size>
         <input_file_ref idref="fl-ef"/>
      </object_component>
      <object_component id="oc-2ad">
         <name>.text:I2C_enableModule</name>
         <load_address>0x67c0</load_address>
         <run_address>0x67c0</run_address>
         <size>0x16</size>
         <input_file_ref idref="fl-ef"/>
      </object_component>
      <object_component id="oc-124">
         <name>.text:Timer_A_startCounter</name>
         <load_address>0x67d6</load_address>
         <run_address>0x67d6</run_address>
         <size>0x16</size>
         <input_file_ref idref="fl-f6"/>
      </object_component>
      <object_component id="oc-5d3">
         <name>.text:strchr</name>
         <load_address>0x67ec</load_address>
         <run_address>0x67ec</run_address>
         <size>0x16</size>
         <input_file_ref idref="fl-e8"/>
      </object_component>
      <object_component id="oc-2dd">
         <name>.text:I2C_masterReceiveMultiByteNext</name>
         <load_address>0x6802</load_address>
         <run_address>0x6802</run_address>
         <size>0x14</size>
         <input_file_ref idref="fl-ef"/>
      </object_component>
      <object_component id="oc-2f5">
         <name>.text:I2C_setSlaveAddress</name>
         <load_address>0x6816</load_address>
         <run_address>0x6816</run_address>
         <size>0x14</size>
         <input_file_ref idref="fl-ef"/>
      </object_component>
      <object_component id="oc-45d">
         <name>.text:PCM_getPowerState</name>
         <load_address>0x682c</load_address>
         <run_address>0x682c</run_address>
         <size>0x14</size>
         <input_file_ref idref="fl-f1"/>
      </object_component>
      <object_component id="oc-520">
         <name>.text:strlen</name>
         <load_address>0x6840</load_address>
         <run_address>0x6840</run_address>
         <size>0x14</size>
         <input_file_ref idref="fl-e9"/>
      </object_component>
      <object_component id="oc-ca">
         <name>.text:Graphics_clearDisplay</name>
         <load_address>0x6854</load_address>
         <run_address>0x6854</run_address>
         <size>0x12</size>
         <input_file_ref idref="fl-f9"/>
      </object_component>
      <object_component id="oc-550">
         <name>.text:wcslen</name>
         <load_address>0x6866</load_address>
         <run_address>0x6866</run_address>
         <size>0x12</size>
         <input_file_ref idref="fl-da"/>
      </object_component>
      <object_component id="oc-1cb">
         <name>.text:ADC14_disableConversion</name>
         <load_address>0x6878</load_address>
         <run_address>0x6878</run_address>
         <size>0x10</size>
         <input_file_ref idref="fl-eb"/>
      </object_component>
      <object_component id="oc-282">
         <name>.text:ADCIsConversionRunning</name>
         <load_address>0x6888</load_address>
         <run_address>0x6888</run_address>
         <size>0x10</size>
         <input_file_ref idref="fl-eb"/>
      </object_component>
      <object_component id="oc-130">
         <name>.text:Interrupt_disableMaster</name>
         <load_address>0x6898</load_address>
         <run_address>0x6898</run_address>
         <size>0x10</size>
         <input_file_ref idref="fl-f0"/>
      </object_component>
      <object_component id="oc-15a">
         <name>.text:Interrupt_enableMaster</name>
         <load_address>0x68a8</load_address>
         <run_address>0x68a8</run_address>
         <size>0x10</size>
         <input_file_ref idref="fl-f0"/>
      </object_component>
      <object_component id="oc-11e">
         <name>.text:Interrupt_enableSleepOnIsrExit</name>
         <load_address>0x68b8</load_address>
         <run_address>0x68b8</run_address>
         <size>0x10</size>
         <input_file_ref idref="fl-f0"/>
      </object_component>
      <object_component id="oc-142">
         <name>.text:PCM_setCoreVoltageLevel</name>
         <load_address>0x68c8</load_address>
         <run_address>0x68c8</run_address>
         <size>0x10</size>
         <input_file_ref idref="fl-f1"/>
      </object_component>
      <object_component id="oc-463">
         <name>.text:PCM_setPowerMode</name>
         <load_address>0x68d8</load_address>
         <run_address>0x68d8</run_address>
         <size>0x10</size>
         <input_file_ref idref="fl-f1"/>
      </object_component>
      <object_component id="oc-1d">
         <name>.text:decompress:none:__TI_decompress_none</name>
         <load_address>0x68e8</load_address>
         <run_address>0x68e8</run_address>
         <size>0xe</size>
         <input_file_ref idref="fl-d3"/>
      </object_component>
      <object_component id="oc-67">
         <name>.text</name>
         <load_address>0x68f6</load_address>
         <run_address>0x68f6</run_address>
         <size>0xe</size>
         <input_file_ref idref="fl-3"/>
      </object_component>
      <object_component id="oc-d6">
         <name>.text:ADC14_enableModule</name>
         <load_address>0x6904</load_address>
         <run_address>0x6904</run_address>
         <size>0xc</size>
         <input_file_ref idref="fl-eb"/>
      </object_component>
      <object_component id="oc-31c">
         <name>.text:CPU_cpsid</name>
         <load_address>0x6910</load_address>
         <run_address>0x6910</run_address>
         <size>0xc</size>
         <input_file_ref idref="fl-f8"/>
      </object_component>
      <object_component id="oc-32f">
         <name>.text:CPU_cpsie</name>
         <load_address>0x691c</load_address>
         <run_address>0x691c</run_address>
         <size>0xc</size>
         <input_file_ref idref="fl-f8"/>
      </object_component>
      <object_component id="oc-481">
         <name>.text:_outc</name>
         <load_address>0x6928</load_address>
         <run_address>0x6928</run_address>
         <size>0xa</size>
         <input_file_ref idref="fl-c6"/>
      </object_component>
      <object_component id="oc-423">
         <name>.text:__aeabi_errno_addr</name>
         <load_address>0x6934</load_address>
         <run_address>0x6934</run_address>
         <size>0x8</size>
         <input_file_ref idref="fl-d5"/>
      </object_component>
      <object_component id="oc-336">
         <name>.text:CPU_wfi</name>
         <load_address>0x693c</load_address>
         <run_address>0x693c</run_address>
         <size>0x4</size>
         <input_file_ref idref="fl-f8"/>
      </object_component>
      <object_component id="oc-93">
         <name>.text:_system_pre_init</name>
         <load_address>0x6940</load_address>
         <run_address>0x6940</run_address>
         <size>0x4</size>
         <input_file_ref idref="fl-df"/>
      </object_component>
      <object_component id="oc-207">
         <name>.text:abort:abort</name>
         <load_address>0x6944</load_address>
         <run_address>0x6944</run_address>
         <size>0x4</size>
         <input_file_ref idref="fl-e1"/>
      </object_component>
      <object_component id="oc-379">
         <name>.const:.string:g_pucFontFixed6x8Data</name>
         <load_address>0x6948</load_address>
         <run_address>0x6948</run_address>
         <size>0x2f8</size>
         <input_file_ref idref="fl-fb"/>
      </object_component>
      <object_component id="oc-59c">
         <name>.const:.string:_ctypes_</name>
         <load_address>0x6c40</load_address>
         <run_address>0x6c40</run_address>
         <size>0x101</size>
         <input_file_ref idref="fl-e6"/>
      </object_component>
      <object_component id="oc-1a3">
         <name>.const:g_sFontFixed6x8</name>
         <load_address>0x6d44</load_address>
         <run_address>0x6d44</run_address>
         <size>0xc8</size>
         <input_file_ref idref="fl-fb"/>
      </object_component>
      <object_component id="oc-28f">
         <name>.const:_ctlRegs</name>
         <load_address>0x6e0c</load_address>
         <run_address>0x6e0c</run_address>
         <size>0x80</size>
         <input_file_ref idref="fl-eb"/>
      </object_component>
      <object_component id="oc-429">
         <name>.const:$O1$$</name>
         <load_address>0x6e90</load_address>
         <run_address>0x6e90</run_address>
         <size>0x30</size>
         <input_file_ref idref="fl-c7"/>
      </object_component>
      <object_component id="oc-278">
         <name>.const:GPIO_PORT_TO_BASE</name>
         <load_address>0x6ec0</load_address>
         <run_address>0x6ec0</run_address>
         <size>0x30</size>
         <input_file_ref idref="fl-ee"/>
      </object_component>
      <object_component id="oc-1a0">
         <name>.const:g_sCrystalfontz128x128_funcs</name>
         <load_address>0x6ef0</load_address>
         <run_address>0x6ef0</run_address>
         <size>0x20</size>
         <input_file_ref idref="fl-9"/>
      </object_component>
      <object_component id="oc-3cc">
         <name>.const:$P$T0$1</name>
         <load_address>0x6f10</load_address>
         <run_address>0x6f10</run_address>
         <size>0x1c</size>
         <input_file_ref idref="fl-a"/>
      </object_component>
      <object_component id="oc-1b6">
         <name>.const:upConfig</name>
         <load_address>0x6f2c</load_address>
         <run_address>0x6f2c</run_address>
         <size>0x18</size>
         <input_file_ref idref="fl-2"/>
      </object_component>
      <object_component id="oc-1d1">
         <name>.const:upConfigSlow</name>
         <load_address>0x6f44</load_address>
         <run_address>0x6f44</run_address>
         <size>0x18</size>
         <input_file_ref idref="fl-2"/>
      </object_component>
      <object_component id="oc-2fb">
         <name>.const:i2cConfig</name>
         <load_address>0x6f5c</load_address>
         <run_address>0x6f5c</run_address>
         <size>0x14</size>
         <input_file_ref idref="fl-5"/>
      </object_component>
      <object_component id="oc-258">
         <name>.const:$P$T0$1</name>
         <load_address>0x6f70</load_address>
         <run_address>0x6f70</run_address>
         <size>0x8</size>
         <input_file_ref idref="fl-9"/>
      </object_component>
      <object_component id="oc-297">
         <name>.const:g_pulEnRegs</name>
         <load_address>0x6f78</load_address>
         <run_address>0x6f78</run_address>
         <size>0x8</size>
         <input_file_ref idref="fl-f0"/>
      </object_component>
      <object_component id="oc-657">
         <name>.cinit..data.load</name>
         <load_address>0x6f80</load_address>
         <run_address>0x6f80</run_address>
         <size>0x83</size>
      </object_component>
      <object_component id="oc-655">
         <name>__TI_handler_table</name>
         <load_address>0x7004</load_address>
         <run_address>0x7004</run_address>
         <size>0xc</size>
      </object_component>
      <object_component id="oc-658">
         <name>.cinit..bss.load</name>
         <load_address>0x7010</load_address>
         <run_address>0x7010</run_address>
         <size>0x8</size>
      </object_component>
      <object_component id="oc-656">
         <name>__TI_cinit_table</name>
         <load_address>0x7018</load_address>
         <run_address>0x7018</run_address>
         <size>0x10</size>
      </object_component>
      <object_component id="oc-629">
         <name>.binit</name>
         <load_address>0x0</load_address>
         <run_address>0x0</run_address>
         <size>0x0</size>
      </object_component>
      <object_component id="oc-1dc">
         <name>.data</name>
         <load_address>0x20000090</load_address>
         <run_address>0x20000090</run_address>
         <size>0x9</size>
         <input_file_ref idref="fl-2"/>
      </object_component>
      <object_component id="oc-1d9">
         <name>.data:fsm</name>
         <load_address>0x20000000</load_address>
         <run_address>0x20000000</run_address>
         <size>0x80</size>
         <input_file_ref idref="fl-2"/>
      </object_component>
      <object_component id="oc-245">
         <name>.data</name>
         <load_address>0x200000a8</load_address>
         <run_address>0x200000a8</run_address>
         <size>0x4</size>
         <input_file_ref idref="fl-4"/>
      </object_component>
      <object_component id="oc-30a">
         <name>.data</name>
         <load_address>0x200000a0</load_address>
         <run_address>0x200000a0</run_address>
         <size>0x8</size>
         <input_file_ref idref="fl-7"/>
      </object_component>
      <object_component id="oc-19d">
         <name>.data:g_sCrystalfontz128x128</name>
         <load_address>0x20000080</load_address>
         <run_address>0x20000080</run_address>
         <size>0x10</size>
         <input_file_ref idref="fl-9"/>
      </object_component>
      <object_component id="oc-4f6">
         <name>.data</name>
         <load_address>0x2000009c</load_address>
         <run_address>0x2000009c</run_address>
         <size>0x4</size>
         <input_file_ref idref="fl-d5"/>
      </object_component>
      <object_component id="oc-198">
         <name>.common:background_context</name>
         <uninitialized>true</uninitialized>
         <run_address>0x200000ac</run_address>
         <size>0x1c</size>
      </object_component>
      <object_component id="oc-1a6">
         <name>.common:selected_context</name>
         <uninitialized>true</uninitialized>
         <run_address>0x200000c8</run_address>
         <size>0x1c</size>
      </object_component>
      <object_component id="oc-1d4">
         <name>.common:buttonUp</name>
         <uninitialized>true</uninitialized>
         <run_address>0x200000fc</run_address>
         <size>0x1</size>
      </object_component>
      <object_component id="oc-1d5">
         <name>.common:buttonDown</name>
         <uninitialized>true</uninitialized>
         <run_address>0x200000fb</run_address>
         <size>0x1</size>
      </object_component>
      <object_component id="oc-1d6">
         <name>.common:buttonCenter</name>
         <uninitialized>true</uninitialized>
         <run_address>0x200000fa</run_address>
         <size>0x1</size>
      </object_component>
      <object_component id="oc-1b5">
         <name>.common:temp</name>
         <uninitialized>true</uninitialized>
         <run_address>0x200000e4</run_address>
         <size>0x4</size>
      </object_component>
      <object_component id="oc-1b3">
         <name>.common:hum</name>
         <uninitialized>true</uninitialized>
         <run_address>0x200000f2</run_address>
         <size>0x2</size>
      </object_component>
      <object_component id="oc-1b4">
         <name>.common:lvlW</name>
         <uninitialized>true</uninitialized>
         <run_address>0x200000f4</run_address>
         <size>0x2</size>
      </object_component>
      <object_component id="oc-1df">
         <name>.common:waterOn</name>
         <uninitialized>true</uninitialized>
         <run_address>0x200000e8</run_address>
         <size>0x4</size>
      </object_component>
      <object_component id="oc-1d7">
         <name>.common:thum</name>
         <uninitialized>true</uninitialized>
         <run_address>0x200000fe</run_address>
         <size>0x1</size>
      </object_component>
      <object_component id="oc-1d8">
         <name>.common:current_state</name>
         <uninitialized>true</uninitialized>
         <run_address>0x200000fd</run_address>
         <size>0x1</size>
      </object_component>
      <object_component id="oc-257">
         <name>.common:Lcd_Orientation</name>
         <uninitialized>true</uninitialized>
         <run_address>0x200000f8</run_address>
         <size>0x1</size>
      </object_component>
      <object_component id="oc-24f">
         <name>.common:Lcd_ScreenWidth</name>
         <uninitialized>true</uninitialized>
         <run_address>0x200000ee</run_address>
         <size>0x2</size>
      </object_component>
      <object_component id="oc-252">
         <name>.common:Lcd_ScreenHeigth</name>
         <uninitialized>true</uninitialized>
         <run_address>0x200000ec</run_address>
         <size>0x2</size>
      </object_component>
      <object_component id="oc-253">
         <name>.common:Lcd_PenSolid</name>
         <uninitialized>true</uninitialized>
         <run_address>0x200000f9</run_address>
         <size>0x1</size>
      </object_component>
      <object_component id="oc-254">
         <name>.common:Lcd_FontSolid</name>
         <uninitialized>true</uninitialized>
         <run_address>0x200000f7</run_address>
         <size>0x1</size>
      </object_component>
      <object_component id="oc-255">
         <name>.common:Lcd_FlagRead</name>
         <uninitialized>true</uninitialized>
         <run_address>0x200000f6</run_address>
         <size>0x1</size>
      </object_component>
      <object_component id="oc-256">
         <name>.common:Lcd_TouchTrim</name>
         <uninitialized>true</uninitialized>
         <run_address>0x200000f0</run_address>
         <size>0x2</size>
      </object_component>
      <object_component id="oc-29">
         <name>.stack</name>
         <uninitialized>true</uninitialized>
         <run_address>0x2000fe00</run_address>
         <size>0x4</size>
         <input_file_ref idref="fl-d6"/>
      </object_component>
      <object_component id="oc-65a">
         <name>.stack</name>
         <uninitialized>true</uninitialized>
         <run_address>0x2000fe00</run_address>
         <size>0x0</size>
      </object_component>
      <object_component id="oc-199">
         <name>.debug_info</name>
         <load_address>0x0</load_address>
         <run_address>0x0</run_address>
         <size>0x159f</size>
         <input_file_ref idref="fl-2"/>
      </object_component>
      <object_component id="oc-1dd">
         <name>.debug_info</name>
         <load_address>0x159f</load_address>
         <run_address>0x159f</run_address>
         <size>0x10e</size>
         <input_file_ref idref="fl-2"/>
      </object_component>
      <object_component id="oc-1da">
         <name>.debug_info</name>
         <load_address>0x16ad</load_address>
         <run_address>0x16ad</run_address>
         <size>0xc6</size>
         <input_file_ref idref="fl-2"/>
      </object_component>
      <object_component id="oc-1b7">
         <name>.debug_info</name>
         <load_address>0x1773</load_address>
         <run_address>0x1773</run_address>
         <size>0xd0</size>
         <input_file_ref idref="fl-2"/>
      </object_component>
      <object_component id="oc-1d2">
         <name>.debug_info</name>
         <load_address>0x1843</load_address>
         <run_address>0x1843</run_address>
         <size>0xd8</size>
         <input_file_ref idref="fl-2"/>
      </object_component>
      <object_component id="oc-6e">
         <name>.debug_info</name>
         <load_address>0x191b</load_address>
         <run_address>0x191b</run_address>
         <size>0x105b</size>
         <input_file_ref idref="fl-2"/>
      </object_component>
      <object_component id="oc-35f">
         <name>.debug_info</name>
         <load_address>0x2976</load_address>
         <run_address>0x2976</run_address>
         <size>0x10e</size>
         <input_file_ref idref="fl-2"/>
      </object_component>
      <object_component id="oc-1f2">
         <name>.debug_info</name>
         <load_address>0x2a84</load_address>
         <run_address>0x2a84</run_address>
         <size>0x26b</size>
         <input_file_ref idref="fl-2"/>
      </object_component>
      <object_component id="oc-369">
         <name>.debug_info</name>
         <load_address>0x2cef</load_address>
         <run_address>0x2cef</run_address>
         <size>0x1055</size>
         <input_file_ref idref="fl-2"/>
      </object_component>
      <object_component id="oc-364">
         <name>.debug_info</name>
         <load_address>0x3d44</load_address>
         <run_address>0x3d44</run_address>
         <size>0x37e2</size>
         <input_file_ref idref="fl-2"/>
      </object_component>
      <object_component id="oc-4ef">
         <name>.debug_info</name>
         <load_address>0x7526</load_address>
         <run_address>0x7526</run_address>
         <size>0x9a</size>
         <input_file_ref idref="fl-2"/>
      </object_component>
      <object_component id="oc-25c">
         <name>.debug_info</name>
         <load_address>0x75c0</load_address>
         <run_address>0x75c0</run_address>
         <size>0x439</size>
         <input_file_ref idref="fl-2"/>
      </object_component>
      <object_component id="oc-36e">
         <name>.debug_info</name>
         <load_address>0x79f9</load_address>
         <run_address>0x79f9</run_address>
         <size>0x341</size>
         <input_file_ref idref="fl-2"/>
      </object_component>
      <object_component id="oc-1e1">
         <name>.debug_info</name>
         <load_address>0x7d3a</load_address>
         <run_address>0x7d3a</run_address>
         <size>0x8b</size>
         <input_file_ref idref="fl-2"/>
      </object_component>
      <object_component id="oc-399">
         <name>.debug_info</name>
         <load_address>0x7dc5</load_address>
         <run_address>0x7dc5</run_address>
         <size>0x2a4</size>
         <input_file_ref idref="fl-2"/>
      </object_component>
      <object_component id="oc-1e6">
         <name>.debug_info</name>
         <load_address>0x8069</load_address>
         <run_address>0x8069</run_address>
         <size>0xef</size>
         <input_file_ref idref="fl-2"/>
      </object_component>
      <object_component id="oc-1eb">
         <name>.debug_info</name>
         <load_address>0x8158</load_address>
         <run_address>0x8158</run_address>
         <size>0xbb</size>
         <input_file_ref idref="fl-2"/>
      </object_component>
      <object_component id="oc-489">
         <name>.debug_info</name>
         <load_address>0x8213</load_address>
         <run_address>0x8213</run_address>
         <size>0x2c</size>
         <input_file_ref idref="fl-2"/>
      </object_component>
      <object_component id="oc-3d0">
         <name>.debug_info</name>
         <load_address>0x823f</load_address>
         <run_address>0x823f</run_address>
         <size>0x131</size>
         <input_file_ref idref="fl-2"/>
      </object_component>
      <object_component id="oc-75">
         <name>.debug_info</name>
         <load_address>0x8370</load_address>
         <run_address>0x8370</run_address>
         <size>0x2c7</size>
         <input_file_ref idref="fl-3"/>
      </object_component>
      <object_component id="oc-27">
         <name>.debug_info</name>
         <load_address>0x8637</load_address>
         <run_address>0x8637</run_address>
         <size>0xf3</size>
         <input_file_ref idref="fl-3"/>
      </object_component>
      <object_component id="oc-68">
         <name>.debug_info</name>
         <load_address>0x872a</load_address>
         <run_address>0x872a</run_address>
         <size>0x1ba</size>
         <input_file_ref idref="fl-3"/>
      </object_component>
      <object_component id="oc-32">
         <name>.debug_info</name>
         <load_address>0x88e4</load_address>
         <run_address>0x88e4</run_address>
         <size>0x84</size>
         <input_file_ref idref="fl-3"/>
      </object_component>
      <object_component id="oc-246">
         <name>.debug_info</name>
         <load_address>0x8968</load_address>
         <run_address>0x8968</run_address>
         <size>0xec</size>
         <input_file_ref idref="fl-4"/>
      </object_component>
      <object_component id="oc-a6">
         <name>.debug_info</name>
         <load_address>0x8a54</load_address>
         <run_address>0x8a54</run_address>
         <size>0x25e</size>
         <input_file_ref idref="fl-4"/>
      </object_component>
      <object_component id="oc-41b">
         <name>.debug_info</name>
         <load_address>0x8cb2</load_address>
         <run_address>0x8cb2</run_address>
         <size>0x9a0</size>
         <input_file_ref idref="fl-5"/>
      </object_component>
      <object_component id="oc-2fc">
         <name>.debug_info</name>
         <load_address>0x9652</load_address>
         <run_address>0x9652</run_address>
         <size>0xd9</size>
         <input_file_ref idref="fl-5"/>
      </object_component>
      <object_component id="oc-101">
         <name>.debug_info</name>
         <load_address>0x972b</load_address>
         <run_address>0x972b</run_address>
         <size>0x644</size>
         <input_file_ref idref="fl-5"/>
      </object_component>
      <object_component id="oc-30e">
         <name>.debug_info</name>
         <load_address>0x9d6f</load_address>
         <run_address>0x9d6f</run_address>
         <size>0x5e9</size>
         <input_file_ref idref="fl-7"/>
      </object_component>
      <object_component id="oc-30b">
         <name>.debug_info</name>
         <load_address>0xa358</load_address>
         <run_address>0xa358</run_address>
         <size>0xcd</size>
         <input_file_ref idref="fl-7"/>
      </object_component>
      <object_component id="oc-107">
         <name>.debug_info</name>
         <load_address>0xa425</load_address>
         <run_address>0xa425</run_address>
         <size>0x7da</size>
         <input_file_ref idref="fl-7"/>
      </object_component>
      <object_component id="oc-19b">
         <name>.debug_info</name>
         <load_address>0xabff</load_address>
         <run_address>0xabff</run_address>
         <size>0xa05</size>
         <input_file_ref idref="fl-8"/>
      </object_component>
      <object_component id="oc-193">
         <name>.debug_info</name>
         <load_address>0xb604</load_address>
         <run_address>0xb604</run_address>
         <size>0x1f8a</size>
         <input_file_ref idref="fl-8"/>
      </object_component>
      <object_component id="oc-250">
         <name>.debug_info</name>
         <load_address>0xd58e</load_address>
         <run_address>0xd58e</run_address>
         <size>0x92d</size>
         <input_file_ref idref="fl-9"/>
      </object_component>
      <object_component id="oc-19e">
         <name>.debug_info</name>
         <load_address>0xdebb</load_address>
         <run_address>0xdebb</run_address>
         <size>0x111</size>
         <input_file_ref idref="fl-9"/>
      </object_component>
      <object_component id="oc-1a1">
         <name>.debug_info</name>
         <load_address>0xdfcc</load_address>
         <run_address>0xdfcc</run_address>
         <size>0x11d</size>
         <input_file_ref idref="fl-9"/>
      </object_component>
      <object_component id="oc-259">
         <name>.debug_info</name>
         <load_address>0xe0e9</load_address>
         <run_address>0xe0e9</run_address>
         <size>0xf2</size>
         <input_file_ref idref="fl-9"/>
      </object_component>
      <object_component id="oc-ad">
         <name>.debug_info</name>
         <load_address>0xe1db</load_address>
         <run_address>0xe1db</run_address>
         <size>0x1578</size>
         <input_file_ref idref="fl-9"/>
      </object_component>
      <object_component id="oc-3d7">
         <name>.debug_info</name>
         <load_address>0xf753</load_address>
         <run_address>0xf753</run_address>
         <size>0x37e2</size>
         <input_file_ref idref="fl-9"/>
      </object_component>
      <object_component id="oc-4df">
         <name>.debug_info</name>
         <load_address>0x12f35</load_address>
         <run_address>0x12f35</run_address>
         <size>0x873</size>
         <input_file_ref idref="fl-a"/>
      </object_component>
      <object_component id="oc-3cd">
         <name>.debug_info</name>
         <load_address>0x137a8</load_address>
         <run_address>0x137a8</run_address>
         <size>0x105</size>
         <input_file_ref idref="fl-a"/>
      </object_component>
      <object_component id="oc-24a">
         <name>.debug_info</name>
         <load_address>0x138ad</load_address>
         <run_address>0x138ad</run_address>
         <size>0x5bf</size>
         <input_file_ref idref="fl-a"/>
      </object_component>
      <object_component id="oc-488">
         <name>.debug_info</name>
         <load_address>0x13e6c</load_address>
         <run_address>0x13e6c</run_address>
         <size>0x333</size>
         <input_file_ref idref="fl-c6"/>
      </object_component>
      <object_component id="oc-351">
         <name>.debug_info</name>
         <load_address>0x1419f</load_address>
         <run_address>0x1419f</run_address>
         <size>0x1d1</size>
         <input_file_ref idref="fl-c6"/>
      </object_component>
      <object_component id="oc-47c">
         <name>.debug_info</name>
         <load_address>0x14370</load_address>
         <run_address>0x14370</run_address>
         <size>0x18d</size>
         <input_file_ref idref="fl-c6"/>
      </object_component>
      <object_component id="oc-482">
         <name>.debug_info</name>
         <load_address>0x144fd</load_address>
         <run_address>0x144fd</run_address>
         <size>0x16d</size>
         <input_file_ref idref="fl-c6"/>
      </object_component>
      <object_component id="oc-5e5">
         <name>.debug_info</name>
         <load_address>0x1466a</load_address>
         <run_address>0x1466a</run_address>
         <size>0x2c</size>
         <input_file_ref idref="fl-c6"/>
      </object_component>
      <object_component id="oc-442">
         <name>.debug_info</name>
         <load_address>0x14696</load_address>
         <run_address>0x14696</run_address>
         <size>0x35e</size>
         <input_file_ref idref="fl-c7"/>
      </object_component>
      <object_component id="oc-42a">
         <name>.debug_info</name>
         <load_address>0x149f4</load_address>
         <run_address>0x149f4</run_address>
         <size>0x128</size>
         <input_file_ref idref="fl-c7"/>
      </object_component>
      <object_component id="oc-305">
         <name>.debug_info</name>
         <load_address>0x14b1c</load_address>
         <run_address>0x14b1c</run_address>
         <size>0xbf2</size>
         <input_file_ref idref="fl-c7"/>
      </object_component>
      <object_component id="oc-50c">
         <name>.debug_info</name>
         <load_address>0x1570e</load_address>
         <run_address>0x1570e</run_address>
         <size>0x46</size>
         <input_file_ref idref="fl-c7"/>
      </object_component>
      <object_component id="oc-43d">
         <name>.debug_info</name>
         <load_address>0x15754</load_address>
         <run_address>0x15754</run_address>
         <size>0x39</size>
         <input_file_ref idref="fl-c7"/>
      </object_component>
      <object_component id="oc-4f5">
         <name>.debug_info</name>
         <load_address>0x1578d</load_address>
         <run_address>0x1578d</run_address>
         <size>0x2c5</size>
         <input_file_ref idref="fl-c8"/>
      </object_component>
      <object_component id="oc-421">
         <name>.debug_info</name>
         <load_address>0x15a52</load_address>
         <run_address>0x15a52</run_address>
         <size>0x24e</size>
         <input_file_ref idref="fl-c8"/>
      </object_component>
      <object_component id="oc-506">
         <name>.debug_info</name>
         <load_address>0x15ca0</load_address>
         <run_address>0x15ca0</run_address>
         <size>0x2f8</size>
         <input_file_ref idref="fl-c9"/>
      </object_component>
      <object_component id="oc-439">
         <name>.debug_info</name>
         <load_address>0x15f98</load_address>
         <run_address>0x15f98</run_address>
         <size>0x225</size>
         <input_file_ref idref="fl-c9"/>
      </object_component>
      <object_component id="oc-594">
         <name>.debug_info</name>
         <load_address>0x161bd</load_address>
         <run_address>0x161bd</run_address>
         <size>0x39</size>
         <input_file_ref idref="fl-c9"/>
      </object_component>
      <object_component id="oc-507">
         <name>.debug_info</name>
         <load_address>0x161f6</load_address>
         <run_address>0x161f6</run_address>
         <size>0x2c</size>
         <input_file_ref idref="fl-c9"/>
      </object_component>
      <object_component id="oc-168">
         <name>.debug_info</name>
         <load_address>0x16222</load_address>
         <run_address>0x16222</run_address>
         <size>0x14c</size>
         <input_file_ref idref="fl-ca"/>
      </object_component>
      <object_component id="oc-42f">
         <name>.debug_info</name>
         <load_address>0x1636e</load_address>
         <run_address>0x1636e</run_address>
         <size>0x128</size>
         <input_file_ref idref="fl-cb"/>
      </object_component>
      <object_component id="oc-433">
         <name>.debug_info</name>
         <load_address>0x16496</load_address>
         <run_address>0x16496</run_address>
         <size>0x12a</size>
         <input_file_ref idref="fl-cb"/>
      </object_component>
[...]
         <name>__TI_ltoa</name>
         <value>0x5dd1</value>
         <object_component_ref idref="oc-5ac"/>
      </symbol>
      <symbol id="sm-78e">
         <name>atoi</name>
         <value>0x5ec9</value>
         <object_component_ref idref="oc-526"/>
      </symbol>
      <symbol id="sm-799">
         <name>_ctypes_</name>
         <value>0x6c40</value>
         <object_component_ref idref="oc-59c"/>
      </symbol>
      <symbol id="sm-7a9">
         <name>memccpy</name>
         <value>0x6655</value>
         <object_component_ref idref="oc-54a"/>
      </symbol>
      <symbol id="sm-7b9">
         <name>strchr</name>
         <value>0x67ed</value>
         <object_component_ref idref="oc-5d3"/>
      </symbol>
      <symbol id="sm-7c7">
         <name>strlen</name>
         <value>0x6841</value>
         <object_component_ref idref="oc-520"/>
      </symbol>
      <symbol id="sm-7d1">
         <name>__aeabi_idiv0</name>
         <value>0x19cf</value>
         <object_component_ref idref="oc-5fe"/>
      </symbol>
      <symbol id="sm-7d2">
         <name>__aeabi_ldiv0</name>
         <value>0x19cf</value>
         <object_component_ref idref="oc-5fe"/>
      </symbol>
      <symbol id="sm-8e7">
         <name>ADC14_enableInterrupt</name>
         <value>0x6391</value>
         <object_component_ref idref="oc-f4"/>
      </symbol>
      <symbol id="sm-8e8">
         <name>ADC14_getInterruptStatus</name>
         <value>0x63f1</value>
         <object_component_ref idref="oc-389"/>
      </symbol>
      <symbol id="sm-8e9">
         <name>ADC14_disableConversion</name>
         <value>0x6879</value>
         <object_component_ref idref="oc-1cb"/>
      </symbol>
      <symbol id="sm-8ea">
         <name>ADC14_enableSampleTimer</name>
         <value>0x6291</value>
         <object_component_ref idref="oc-ee"/>
      </symbol>
      <symbol id="sm-8eb">
         <name>ADC14_enableConversion</name>
         <value>0x64a1</value>
         <object_component_ref idref="oc-17a"/>
      </symbol>
      <symbol id="sm-8ec">
         <name>ADC14_toggleConversionTrigger</name>
         <value>0x641d</value>
         <object_component_ref idref="oc-180"/>
      </symbol>
      <symbol id="sm-8ed">
         <name>ADC14_getEnabledInterruptStatus</name>
         <value>0x61b1</value>
         <object_component_ref idref="oc-1b9"/>
      </symbol>
      <symbol id="sm-8ee">
         <name>ADC14_initModule</name>
         <value>0x5d7d</value>
         <object_component_ref idref="oc-dc"/>
      </symbol>
      <symbol id="sm-8ef">
         <name>ADC14_configureMultiSequenceMode</name>
         <value>0x514d</value>
         <object_component_ref idref="oc-e2"/>
      </symbol>
      <symbol id="sm-8f0">
         <name>ADC14_clearInterruptFlag</name>
         <value>0x6361</value>
         <object_component_ref idref="oc-1bf"/>
      </symbol>
      <symbol id="sm-8f1">
         <name>ADC14_configureConversionMemory</name>
         <value>0x5099</value>
         <object_component_ref idref="oc-e8"/>
      </symbol>
      <symbol id="sm-8f2">
         <name>ADC14_enableModule</name>
         <value>0x6905</value>
         <object_component_ref idref="oc-d6"/>
      </symbol>
      <symbol id="sm-8f3">
         <name>ADC14_getResult</name>
         <value>0x64c9</value>
         <object_component_ref idref="oc-1c5"/>
      </symbol>
      <symbol id="sm-922">
         <name>CS_setDCOCenteredFrequency</name>
         <value>0x62c5</value>
         <object_component_ref idref="oc-14e"/>
      </symbol>
      <symbol id="sm-923">
         <name>CS_initClockSignal</name>
         <value>0x4851</value>
         <object_component_ref idref="oc-154"/>
      </symbol>
      <symbol id="sm-932">
         <name>FlashCtl_setWaitState</name>
         <value>0x5f15</value>
         <object_component_ref idref="oc-148"/>
      </symbol>
      <symbol id="sm-9b5">
         <name>GPIO_setOutputHighOnPin</name>
         <value>0x6541</value>
         <object_component_ref idref="oc-186"/>
      </symbol>
      <symbol id="sm-9b6">
         <name>GPIO_setAsInputPinWithPullUpResistor</name>
         <value>0x5ccd</value>
         <object_component_ref idref="oc-10c"/>
      </symbol>
      <symbol id="sm-9b7">
         <name>GPIO_getInterruptStatus</name>
         <value>0x65b9</value>
         <object_component_ref idref="oc-37f"/>
      </symbol>
      <symbol id="sm-9b8">
         <name>GPIO_enableInterrupt</name>
         <value>0x6519</value>
         <object_component_ref idref="oc-112"/>
      </symbol>
      <symbol id="sm-9b9">
         <name>GPIO_getEnabledInterruptStatus</name>
         <value>0x574d</value>
         <object_component_ref idref="oc-1a7"/>
      </symbol>
      <symbol id="sm-9ba">
         <name>GPIO_setAsOutputPin</name>
         <value>0x6031</value>
         <object_component_ref idref="oc-136"/>
      </symbol>
      <symbol id="sm-9bb">
         <name>GPIO_setOutputLowOnPin</name>
         <value>0x6569</value>
         <object_component_ref idref="oc-13c"/>
      </symbol>
      <symbol id="sm-9bc">
         <name>GPIO_clearInterruptFlag</name>
         <value>0x64f1</value>
         <object_component_ref idref="oc-1ad"/>
      </symbol>
      <symbol id="sm-9bd">
         <name>GPIO_setAsPeripheralModuleFunctionOutputPin</name>
         <value>0x55b9</value>
         <object_component_ref idref="oc-29b"/>
      </symbol>
      <symbol id="sm-9be">
         <name>GPIO_setAsPeripheralModuleFunctionInputPin</name>
         <value>0x5531</value>
         <object_component_ref idref="oc-d0"/>
      </symbol>
      <symbol id="sm-a62">
         <name>I2C_masterSendMultiByteStop</name>
         <value>0x61e9</value>
         <object_component_ref idref="oc-2d1"/>
      </symbol>
      <symbol id="sm-a63">
         <name>I2C_masterSendMultiByteFinish</name>
         <value>0x59a9</value>
         <object_component_ref idref="oc-2ef"/>
      </symbol>
      <symbol id="sm-a64">
         <name>I2C_masterSendMultiByteNext</name>
         <value>0x62f9</value>
         <object_component_ref idref="oc-2e9"/>
      </symbol>
      <symbol id="sm-a65">
         <name>I2C_masterSendMultiByteStart</name>
         <value>0x5a15</value>
         <object_component_ref idref="oc-2c5"/>
      </symbol>
      <symbol id="sm-a66">
         <name>I2C_masterReceiveMultiByteNext</name>
         <value>0x6803</value>
         <object_component_ref idref="oc-2dd"/>
      </symbol>
      <symbol id="sm-a67">
         <name>I2C_getInterruptStatus</name>
         <value>0x66f3</value>
         <object_component_ref idref="oc-2cb"/>
      </symbol>
      <symbol id="sm-a68">
         <name>I2C_setMode</name>
         <value>0x6601</value>
         <object_component_ref idref="oc-2b3"/>
      </symbol>
      <symbol id="sm-a69">
         <name>I2C_isBusBusy</name>
         <value>0x670d</value>
         <object_component_ref idref="oc-2bf"/>
      </symbol>
      <symbol id="sm-a6a">
         <name>I2C_masterReceiveMultiByteFinish</name>
         <value>0x60b1</value>
         <object_component_ref idref="oc-2e3"/>
      </symbol>
      <symbol id="sm-a6b">
         <name>I2C_enableModule</name>
         <value>0x67c1</value>
         <object_component_ref idref="oc-2ad"/>
      </symbol>
      <symbol id="sm-a6c">
         <name>I2C_masterReceiveStart</name>
         <value>0x66bf</value>
         <object_component_ref idref="oc-2d7"/>
      </symbol>
      <symbol id="sm-a6d">
         <name>I2C_clearInterruptFlag</name>
         <value>0x6795</value>
         <object_component_ref idref="oc-2b9"/>
      </symbol>
      <symbol id="sm-a6e">
         <name>I2C_setSlaveAddress</name>
         <value>0x6817</value>
         <object_component_ref idref="oc-2f5"/>
      </symbol>
      <symbol id="sm-a6f">
         <name>I2C_initMaster</name>
         <value>0x5bb1</value>
         <object_component_ref idref="oc-2a1"/>
      </symbol>
      <symbol id="sm-a70">
         <name>I2C_disableModule</name>
         <value>0x67ab</value>
         <object_component_ref idref="oc-2a7"/>
      </symbol>
      <symbol id="sm-aa9">
         <name>Interrupt_disableMaster</name>
         <value>0x6899</value>
         <object_component_ref idref="oc-130"/>
      </symbol>
      <symbol id="sm-aaa">
         <name>Interrupt_enableSleepOnIsrExit</name>
         <value>0x68b9</value>
         <object_component_ref idref="oc-11e"/>
      </symbol>
      <symbol id="sm-aab">
         <name>Interrupt_enableMaster</name>
         <value>0x68a9</value>
         <object_component_ref idref="oc-15a"/>
      </symbol>
      <symbol id="sm-aac">
         <name>Interrupt_enableInterrupt</name>
         <value>0x57d1</value>
         <object_component_ref idref="oc-fa"/>
      </symbol>
      <symbol id="sm-b37">
         <name>PCM_setCoreVoltageLevel</name>
         <value>0x68c9</value>
         <object_component_ref idref="oc-142"/>
      </symbol>
      <symbol id="sm-b38">
         <name>PCM_getCoreVoltageLevel</name>
         <value>0x5c13</value>
         <object_component_ref idref="oc-457"/>
      </symbol>
      <symbol id="sm-b39">
         <name>PCM_getPowerMode</name>
         <value>0x5c71</value>
         <object_component_ref idref="oc-451"/>
      </symbol>
      <symbol id="sm-b3a">
         <name>PCM_getPowerState</name>
         <value>0x682d</value>
         <object_component_ref idref="oc-45d"/>
      </symbol>
      <symbol id="sm-b3b">
         <name>PCM_gotoLPM0</name>
         <value>0x6591</value>
         <object_component_ref idref="oc-160"/>
      </symbol>
      <symbol id="sm-b3c">
         <name>PCM_setPowerMode</name>
         <value>0x68d9</value>
         <object_component_ref idref="oc-463"/>
      </symbol>
      <symbol id="sm-b7c">
         <name>EUSCI_B_SPI_enable</name>
         <value>0x6753</value>
         <object_component_ref idref="oc-4d6"/>
      </symbol>
      <symbol id="sm-b7d">
         <name>SPI_enableModule</name>
         <value>0x661d</value>
         <object_component_ref idref="oc-3c6"/>
      </symbol>
      <symbol id="sm-b7e">
         <name>EUSCI_A_SPI_enable</name>
         <value>0x673d</value>
         <object_component_ref idref="oc-4d0"/>
      </symbol>
      <symbol id="sm-b7f">
         <name>SPI_initMaster</name>
         <value>0x52b3</value>
         <object_component_ref idref="oc-3c0"/>
      </symbol>
      <symbol id="sm-bc1">
         <name>Timer_A_clearCaptureCompareInterrupt</name>
         <value>0x6475</value>
         <object_component_ref idref="oc-18c"/>
      </symbol>
      <symbol id="sm-bc2">
         <name>Timer_A_startCounter</name>
         <value>0x67d7</value>
         <object_component_ref idref="oc-124"/>
      </symbol>
      <symbol id="sm-bc3">
         <name>Timer_A_configureUpMode</name>
         <value>0x5a7d</value>
         <object_component_ref idref="oc-118"/>
      </symbol>
      <symbol id="sm-bcf">
         <name>WDT_A_holdTimer</name>
         <value>0x65dd</value>
         <object_component_ref idref="oc-12a"/>
      </symbol>
      <symbol id="sm-be9">
         <name>CPU_wfi</name>
         <value>0x693d</value>
         <object_component_ref idref="oc-336"/>
      </symbol>
      <symbol id="sm-bea">
         <name>CPU_cpsie</name>
         <value>0x691d</value>
         <object_component_ref idref="oc-32f"/>
      </symbol>
      <symbol id="sm-beb">
         <name>CPU_cpsid</name>
         <value>0x6911</value>
         <object_component_ref idref="oc-31c"/>
      </symbol>
      <symbol id="sm-c1d">
         <name>Graphics_setBackgroundColor</name>
         <value>0x668b</value>
         <object_component_ref idref="oc-be"/>
      </symbol>
      <symbol id="sm-c1e">
         <name>Graphics_setFont</name>
         <value>0x66a5</value>
         <object_component_ref idref="oc-c4"/>
      </symbol>
      <symbol id="sm-c1f">
         <name>Graphics_initContext</name>
         <value>0x5e25</value>
         <object_component_ref idref="oc-b2"/>
      </symbol>
      <symbol id="sm-c20">
         <name>Graphics_setForegroundColor</name>
         <value>0x6769</value>
         <object_component_ref idref="oc-b8"/>
      </symbol>
      <symbol id="sm-c21">
         <name>Graphics_clearDisplay</name>
         <value>0x6855</value>
         <object_component_ref idref="oc-ca"/>
      </symbol>
      <symbol id="sm-c46">
         <name>Graphics_clearDisplayOnDisplay</name>
         <value>0x6671</value>
         <object_component_ref idref="oc-271"/>
      </symbol>
      <symbol id="sm-c47">
         <name>Graphics_drawPixelOnDisplay</name>
         <value>0x6449</value>
         <object_component_ref idref="oc-49a"/>
      </symbol>
      <symbol id="sm-c48">
         <name>Graphics_translateColorOnDisplay</name>
         <value>0x677f</value>
         <object_component_ref idref="oc-263"/>
      </symbol>
      <symbol id="sm-c49">
         <name>Graphics_drawHorizontalLineOnDisplay</name>
         <value>0x6259</value>
         <object_component_ref idref="oc-567"/>
      </symbol>
      <symbol id="sm-c5b">
         <name>g_sFontFixed6x8</name>
         <value>0x6d44</value>
         <object_component_ref idref="oc-1a3"/>
      </symbol>
      <symbol id="sm-cb3">
         <name>Graphics_drawStringCentered</name>
         <value>0x5f5d</value>
         <object_component_ref idref="oc-345"/>
      </symbol>
      <symbol id="sm-cb4">
         <name>Graphics_drawString</name>
         <value>0x2ed1</value>
         <object_component_ref idref="oc-356"/>
      </symbol>
      <symbol id="sm-cb5">
         <name>Graphics_getStringWidth</name>
         <value>0x4ed1</value>
         <object_component_ref idref="oc-46c"/>
      </symbol>
      <symbol id="sm-cc8">
         <name>Graphics_drawLineH</name>
         <value>0x5363</value>
         <object_component_ref idref="oc-494"/>
      </symbol>
      <symbol id="sm-cc9">
         <name>__TI_static_base__</name>
         <value>0x0</value>
      </symbol>
      <symbol id="sm-ccc">
         <name>__mpu_init</name>
         <value>0x0</value>
      </symbol>
      <symbol id="sm-ccd">
         <name>_system_post_cinit</name>
         <value>0x0</value>
      </symbol>
      <symbol id="sm-cce">
         <name>NMI_Handler</name>
         <value>0x6903</value>
      </symbol>
      <symbol id="sm-ccf">
         <name>HardFault_Handler</name>
         <value>0x6903</value>
      </symbol>
      <symbol id="sm-cd0">
         <name>MemManage_Handler</name>
         <value>0x6903</value>
      </symbol>
      <symbol id="sm-cd1">
         <name>BusFault_Handler</name>
         <value>0x6903</value>
      </symbol>
      <symbol id="sm-cd2">
         <name>UsageFault_Handler</name>
         <value>0x6903</value>
      </symbol>
      <symbol id="sm-cd3">
         <name>SVC_Handler</name>
         <value>0x6903</value>
      </symbol>
      <symbol id="sm-cd4">
         <name>DebugMon_Handler</name>
         <value>0x6903</value>
      </symbol>
      <symbol id="sm-cd5">
         <name>PendSV_Handler</name>
         <value>0x6903</value>
      </symbol>
      <symbol id="sm-cd6">
         <name>SysTick_Handler</name>
         <value>0x6903</value>
      </symbol>
      <symbol id="sm-cd7">
         <name>PSS_IRQHandler</name>
         <value>0x6903</value>
      </symbol>
      <symbol id="sm-cd8">
         <name>CS_IRQHandler</name>
         <value>0x6903</value>
      </symbol>
      <symbol id="sm-cd9">
         <name>PCM_IRQHandler</name>
         <value>0x6903</value>
      </symbol>
      <symbol id="sm-cda">
         <name>WDT_A_IRQHandler</name>
         <value>0x6903</value>
      </symbol>
      <symbol id="sm-cdb">
         <name>FPU_IRQHandler</name>
         <value>0x6903</value>
      </symbol>
      <symbol id="sm-cdc">
         <name>FLCTL_IRQHandler</name>
         <value>0x6903</value>
      </symbol>
      <symbol id="sm-cdd">
         <name>COMP_E0_IRQHandler</name>
         <value>0x6903</value>
      </symbol>
      <symbol id="sm-cde">
         <name>COMP_E1_IRQHandler</name>
         <value>0x6903</value>
      </symbol>
      <symbol id="sm-cdf">
         <name>TA0_0_IRQHandler</name>
         <value>0x6903</value>
      </symbol>
      <symbol id="sm-ce0">
         <name>TA0_N_IRQHandler</name>
         <value>0x6903</value>
      </symbol>
      <symbol id="sm-ce1">
         <name>TA1_0_IRQHandler</name>
         <value>0x2c5f</value>
      </symbol>
      <symbol id="sm-ce2">
         <name>TA1_N_IRQHandler</name>
         <value>0x6903</value>
      </symbol>
      <symbol id="sm-ce3">
         <name>TA2_0_IRQHandler</name>
         <value>0x2d05</value>
      </symbol>
      <symbol id="sm-ce4">
         <name>TA2_N_IRQHandler</name>
         <value>0x6903</value>
      </symbol>
      <symbol id="sm-ce5">
         <name>TA3_0_IRQHandler</name>
         <value>0x6903</value>
      </symbol>
      <symbol id="sm-ce6">
         <name>TA3_N_IRQHandler</name>
         <value>0x6903</value>
      </symbol>
      <symbol id="sm-ce7">
         <name>EUSCIA0_IRQHandler</name>
         <value>0x6903</value>
      </symbol>
      <symbol id="sm-ce8">
         <name>EUSCIA1_IRQHandler</name>
         <value>0x6903</value>
      </symbol>
      <symbol id="sm-ce9">
         <name>EUSCIA2_IRQHandler</name>
         <value>0x6903</value>
      </symbol>
      <symbol id="sm-cea">
         <name>EUSCIA3_IRQHandler</name>
         <value>0x6903</value>
      </symbol>
      <symbol id="sm-ceb">
         <name>EUSCIB0_IRQHandler</name>
         <value>0x6903</value>
      </symbol>
      <symbol id="sm-cec">
         <name>EUSCIB1_IRQHandler</name>
         <value>0x6903</value>
      </symbol>
      <symbol id="sm-ced">
         <name>EUSCIB2_IRQHandler</name>
         <value>0x6903</value>
      </symbol>
      <symbol id="sm-cee">
         <name>EUSCIB3_IRQHandler</name>
         <value>0x6903</value>
      </symbol>
      <symbol id="sm-cef">
         <name>ADC14_IRQHandler</name>
         <value>0x2e19</value>
      </symbol>
      <symbol id="sm-cf0">
         <name>T32_INT1_IRQHandler</name>
         <value>0x6903</value>
      </symbol>
      <symbol id="sm-cf1">
         <name>T32_INT2_IRQHandler</name>
         <value>0x6903</value>
      </symbol>
      <symbol id="sm-cf2">
         <name>T32_INTC_IRQHandler</name>
         <value>0x6903</value>
      </symbol>
      <symbol id="sm-cf3">
         <name>AES256_IRQHandler</name>
         <value>0x6903</value>
      </symbol>
      <symbol id="sm-cf4">
         <name>RTC_C_IRQHandler</name>
         <value>0x6903</value>
      </symbol>
      <symbol id="sm-cf5">
         <name>DMA_ERR_IRQHandler</name>
         <value>0x6903</value>
      </symbol>
      <symbol id="sm-cf6">
         <name>DMA_INT3_IRQHandler</name>
         <value>0x6903</value>
      </symbol>
      <symbol id="sm-cf7">
         <name>DMA_INT2_IRQHandler</name>
         <value>0x6903</value>
      </symbol>
      <symbol id="sm-cf8">
         <name>DMA_INT1_IRQHandler</name>
         <value>0x6903</value>
      </symbol>
      <symbol id="sm-cf9">
         <name>DMA_INT0_IRQHandler</name>
         <value>0x6903</value>
      </symbol>
      <symbol id="sm-cfa">
         <name>PORT1_IRQHandler</name>
         <value>0x6903</value>
      </symbol>
      <symbol id="sm-cfb">
         <name>PORT2_IRQHandler</name>
         <value>0x6903</value>
      </symbol>
      <symbol id="sm-cfc">
         <name>PORT3_IRQHandler</name>
         <value>0x2d59</value>
      </symbol>
      <symbol id="sm-cfd">
         <name>PORT4_IRQHandler</name>
         <value>0x2da5</value>
      </symbol>
      <symbol id="sm-cfe">
         <name>PORT5_IRQHandler</name>
         <value>0x2ddb</value>
      </symbol>
      <symbol id="sm-cff">
         <name>PORT6_IRQHandler</name>
         <value>0x6903</value>
      </symbol>
   </symbol_table>
   <title>Link successful</title>
</link_info>
