******************************************************************************
                  TI ARM Linker Unix v20.2.6                   
******************************************************************************
>> Linked Wed Nov  2 16:42:21 2022

OUTPUT FILE NAME:   <light-sensor.out>
ENTRY POINT SYMBOL: "_c_int00_noargs"  address: 00003bb9


MEMORY CONFIGURATION

         name            origin    length      used     unused   attr    fill
----------------------  --------  ---------  --------  --------  ----  --------
  MAIN                  00000000   00040000  00004514  0003baec  R  X
  INFO                  00200000   00004000  00000000  00004000  R  X
  SRAM_CODE             01000000   00010000  00000242  0000fdbe  RW X
  SRAM_DATA             20000000   00010000  00000242  0000fdbe  RW  


SEGMENT ALLOCATION MAP

run origin  load origin   length   init length attrs members
----------  ----------- ---------- ----------- ----- -------
00000000    00000000    00004518   00004518    r-x
  00000000    00000000    000000e4   000000e4    r-- .intvecs
  000000e4    000000e4    00003eac   00003eac    r-x .text
  00003f90    00003f90    0000054c   0000054c    r-- .const
  000044e0    000044e0    00000038   00000038    r-- .cinit
20000000    20000000    00000044   00000000    rw-
  20000000    20000000    0000002a   00000000    rw- .bss
  2000002c    2000002c    00000018   00000000    rw- .data
2000fe00    2000fe00    00000200   00000000    rw-
  2000fe00    2000fe00    00000200   00000000    rw- .stack


SECTION ALLOCATION MAP

 output                                  attributes/
section   page    origin      length       input sections
--------  ----  ----------  ----------   ----------------
.intvecs   0    00000000    000000e4     
                  00000000    000000e4     startup_msp432p401r_ccs.obj (.intvecs:retain)

.text      0    000000e4    00003eac     
                  000000e4    00000a4e     rtsv7M4_T_le_v4SPD16_eabi.lib : _printfi.c.obj (.text:__TI_printfi)
                  00000b32    00000002                                   : div0.asm.obj (.text)
                  00000b34    00000680     Crystalfontz128x128_ST7735.obj (.text)
                  000011b4    0000047e     grlib.a : string.obj (.text:Graphics_drawString)
                  00001632    00000002     --HOLE-- [fill = 0]
                  00001634    00000334     system_msp432p401r.obj (.text)
                  00001968    00000270     rtsv7M4_T_le_v4SPD16_eabi.lib : _printfi.c.obj (.text:_pconv_a)
                  00001bd8    000001d0                                   : _printfi.c.obj (.text:_pconv_g)
                  00001da8    000001b6                                   : fd_add_t2.asm.obj (.text)
                  00001f5e    00000002     --HOLE-- [fill = 0]
                  00001f60    0000015c     msp432p4xx_driverlib.lib : pcm.o (.text:__PCM_setPowerModeAdvanced)
                  000020bc    00000158     main.obj (.text)
                  00002214    0000013c     HAL_OPT3001.obj (.text)
                  00002350    0000013c     rtsv7M4_T_le_v4SPD16_eabi.lib : _printfi.c.obj (.text:_pconv_e)
                  0000248c    00000136                                   : fd_div_t2.asm.obj (.text)
                  000025c2    00000002     --HOLE-- [fill = 0]
                  000025c4    00000130     msp432p4xx_driverlib.lib : cs.o (.text:CS_initClockSignal)
                  000026f4    00000124     rtsv7M4_T_le_v4SPD16_eabi.lib : _printfi.c.obj (.text:fcvt)
                  00002818    00000118     HAL_I2C.obj (.text)
                  00002930    00000110     rtsv7M4_T_le_v4SPD16_eabi.lib : s_scalbn.c.obj (.text:scalbn)
                  00002a40    00000108     msp432p4xx_driverlib.lib : pcm.o (.text:__PCM_setCoreVoltageLevelAdvanced)
                  00002b48    000000fc     rtsv7M4_T_le_v4SPD16_eabi.lib : fd_mul_t2.asm.obj (.text)
                  00002c44    000000fa     grlib.a : string.obj (.text:Graphics_getStringWidth)
                  00002d3e    00000002     --HOLE-- [fill = 0]
                  00002d40    000000cc     HAL_MSP_EXP432P401R_Crystalfontz128x128_ST7735.obj (.text)
                  00002e0c    000000b1     rtsv7M4_T_le_v4SPD16_eabi.lib : _printfi.c.obj (.text:_ltostr)
                  00002ebd    00000001     --HOLE-- [fill = 0]
                  00002ebe    000000b0     msp432p4xx_driverlib.lib : spi.o (.text:SPI_initMaster)
                  00002f6e    0000009c     grlib.a : line.obj (.text:Graphics_drawLineH)
                  0000300a    0000009c     rtsv7M4_T_le_v4SPD16_eabi.lib : memcpy_t2.asm.obj (.text)
                  000030a6    00000096                                   : ull_div_t2.asm.obj (.text)
                  0000313c    00000088     msp432p4xx_driverlib.lib : gpio.o (.text:GPIO_setAsPeripheralModuleFunctionOutputPin)
                  000031c4    00000086     rtsv7M4_T_le_v4SPD16_eabi.lib : fd_cmp_t2.asm.obj (.text:__aeabi_cdcmple)
                  0000324a    00000086                                   : fd_cmp_t2.asm.obj (.text:__aeabi_cdrcmple)
                  000032d0    0000007a                                   : memset_t2.asm.obj (.text)
                  0000334a    0000006e                                   : _printfi.c.obj (.text:_mcpy)
                  000033b8    0000006c     msp432p4xx_driverlib.lib : i2c.o (.text:I2C_masterSendMultiByteFinish)
                  00003424    00000068                              : i2c.o (.text:I2C_masterSendMultiByteStart)
                  0000348c    00000068     rtsv7M4_T_le_v4SPD16_eabi.lib : copy_decompress_lzss.c.obj (.text:decompress:lzss:__TI_decompress_lzss)
                  000034f4    00000064                                   : s_frexp.c.obj (.text:frexp)
                  00003558    00000062     msp432p4xx_driverlib.lib : i2c.o (.text:I2C_initMaster)
                  000035ba    0000005e                              : pcm.o (.text:PCM_getCoreVoltageLevel)
                  00003618    0000005a                              : pcm.o (.text:PCM_getPowerMode)
                  00003672    00000056     rtsv7M4_T_le_v4SPD16_eabi.lib : _printfi.c.obj (.text:_pconv_f)
                  000036c8    00000054                                   : _ltoa.c.obj (.text:__TI_ltoa)
                  0000371c    00000052     grlib.a : context.obj (.text:Graphics_initContext)
                  0000376e    00000052     rtsv7M4_T_le_v4SPD16_eabi.lib : _printfi.c.obj (.text:_ecpy)
                  000037c0    0000004c                                   : atoi.c.obj (.text:atoi)
                  0000380c    00000048     msp432p4xx_driverlib.lib : flash.o (.text:FlashCtl_setWaitState)
                  00003854    00000048     grlib.a : string.obj (.text:Graphics_drawStringCentered)
                  0000389c    00000048     rtsv7M4_T_le_v4SPD16_eabi.lib : fd_toi_t2.asm.obj (.text)
                  000038e4    00000044                                   : autoinit.c.obj (.text:__TI_auto_init_nobinit_nopinit:__TI_auto_init_nobinit_nopinit)
                  00003928    00000040     msp432p4xx_driverlib.lib : gpio.o (.text:GPIO_setAsOutputPin)
                  00003968    00000040     grlib.a : string.obj (.text:Graphics_getNumberOfLeadingZeros)
                  000039a8    00000040     msp432p4xx_driverlib.lib : i2c.o (.text:I2C_masterReceiveMultiByteFinish)
                  000039e8    00000040                              : spi.o (.text:is_A_Module)
                  00003a28    00000040     rtsv7M4_T_le_v4SPD16_eabi.lib : sprintf.c.obj (.text:sprintf)
                  00003a68    0000003e                                   : _printfi.c.obj (.text:_fcpy)
                  00003aa6    00000002     --HOLE-- [fill = 0]
                  00003aa8    00000038     msp432p4xx_driverlib.lib : i2c.o (.text:I2C_masterSendMultiByteStop)
                  00003ae0    00000038     rtsv7M4_T_le_v4SPD16_eabi.lib : fs_tod_t2.asm.obj (.text)
                  00003b18    00000036     grlib.a : display.obj (.text:Graphics_drawHorizontalLineOnDisplay)
                  00003b4e    00000002     --HOLE-- [fill = 0]
                  00003b50    00000034     msp432p4xx_driverlib.lib : cs.o (.text:CS_setDCOCenteredFrequency)
                  00003b84    00000034                              : i2c.o (.text:I2C_masterSendMultiByteNext)
                  00003bb8    00000034     rtsv7M4_T_le_v4SPD16_eabi.lib : boot_cortex_m.c.obj (.text:_c_int00_noargs:_c_int00_noargs)
                  00003bec    0000002e                                   : i_tofd_t2.asm.obj (.text)
                  00003c1a    0000002c     grlib.a : display.obj (.text:Graphics_drawPixelOnDisplay)
                  00003c46    00000002     --HOLE-- [fill = 0]
                  00003c48    00000028     msp432p4xx_driverlib.lib : gpio.o (.text:GPIO_setOutputHighOnPin)
                  00003c70    00000028                              : gpio.o (.text:GPIO_setOutputLowOnPin)
                  00003c98    00000024                              : wdt_a.o (.text:WDT_A_holdTimer)
                  00003cbc    0000001c                              : i2c.o (.text:I2C_setMode)
                  00003cd8    0000001c                              : spi.o (.text:SPI_enableModule)
                  00003cf4    0000001c     rtsv7M4_T_le_v4SPD16_eabi.lib : copy_zero_init.c.obj (.text:decompress:ZI:__TI_zero_init_nomemset:__TI_zero_init_nomemset)
                  00003d10    0000001c                                   : memccpy.c.obj (.text:memccpy)
                  00003d2c    0000001a     grlib.a : display.obj (.text:Graphics_clearDisplayOnDisplay)
                  00003d46    0000001a             : context.obj (.text:Graphics_setBackgroundColor)
                  00003d60    0000001a             : context.obj (.text:Graphics_setFont)
                  00003d7a    0000001a     msp432p4xx_driverlib.lib : i2c.o (.text:I2C_masterReceiveStart)
                  00003d94    0000001a     rtsv7M4_T_le_v4SPD16_eabi.lib : s_copysign.c.obj (.text:copysign)
                  00003dae    00000018     msp432p4xx_driverlib.lib : i2c.o (.text:I2C_getInterruptStatus)
                  00003dc6    00000002     --HOLE-- [fill = 0]
                  00003dc8    00000018                              : i2c.o (.text:I2C_isBusBusy)
                  00003de0    00000018     rtsv7M4_T_le_v4SPD16_eabi.lib : sprintf.c.obj (.text:_outs)
                  00003df8    00000016     msp432p4xx_driverlib.lib : spi.o (.text:EUSCI_A_SPI_enable)
                  00003e0e    00000016                              : spi.o (.text:EUSCI_B_SPI_enable)
                  00003e24    00000016     grlib.a : context.obj (.text:Graphics_setForegroundColor)
                  00003e3a    00000016             : display.obj (.text:Graphics_translateColorOnDisplay)
                  00003e50    00000016     msp432p4xx_driverlib.lib : i2c.o (.text:I2C_clearInterruptFlag)
                  00003e66    00000016                              : i2c.o (.text:I2C_disableModule)
                  00003e7c    00000016                              : i2c.o (.text:I2C_enableModule)
                  00003e92    00000016     rtsv7M4_T_le_v4SPD16_eabi.lib : strchr.c.obj (.text:strchr)
                  00003ea8    00000014     msp432p4xx_driverlib.lib : i2c.o (.text:I2C_masterReceiveMultiByteNext)
                  00003ebc    00000014                              : i2c.o (.text:I2C_setSlaveAddress)
                  00003ed0    00000014                              : pcm.o (.text:PCM_getPowerState)
                  00003ee4    00000014     rtsv7M4_T_le_v4SPD16_eabi.lib : strlen.c.obj (.text:strlen)
                  00003ef8    00000012     grlib.a : context.obj (.text:Graphics_clearDisplay)
                  00003f0a    00000012     rtsv7M4_T_le_v4SPD16_eabi.lib : wcslen.c.obj (.text:wcslen)
                  00003f1c    00000010     msp432p4xx_driverlib.lib : interrupt.o (.text:Interrupt_disableMaster)
                  00003f2c    00000010                              : pcm.o (.text:PCM_setCoreVoltageLevel)
                  00003f3c    00000010                              : pcm.o (.text:PCM_setPowerMode)
                  00003f4c    0000000e     rtsv7M4_T_le_v4SPD16_eabi.lib : copy_decompress_none.c.obj (.text:decompress:none:__TI_decompress_none)
                  00003f5a    0000000e     startup_msp432p401r_ccs.obj (.text)
                  00003f68    0000000c     msp432p4xx_driverlib.lib : cpu.o (.text:CPU_cpsid)
                  00003f74    0000000a     rtsv7M4_T_le_v4SPD16_eabi.lib : sprintf.c.obj (.text:_outc)
                  00003f7e    00000002     --HOLE-- [fill = 0]
                  00003f80    00000008                                   : errno.c.obj (.text:__aeabi_errno_addr)
                  00003f88    00000004                                   : pre_init.c.obj (.text:_system_pre_init)
                  00003f8c    00000004                                   : exit.c.obj (.text:abort:abort)

.const     0    00003f90    0000054c     
                  00003f90    000002f8     grlib.a : fontfixed6x8.obj (.const:.string:g_pucFontFixed6x8Data)
                  00004288    00000101     rtsv7M4_T_le_v4SPD16_eabi.lib : ctype.c.obj (.const:.string:_ctypes_)
                  00004389    00000003     --HOLE-- [fill = 0]
                  0000438c    000000c8     grlib.a : fontfixed6x8.obj (.const:g_sFontFixed6x8)
                  00004454    00000030     msp432p4xx_driverlib.lib : gpio.o (.const:GPIO_PORT_TO_BASE)
                  00004484    00000020     Crystalfontz128x128_ST7735.obj (.const:g_sCrystalfontz128x128_funcs)
                  000044a4    0000001c     HAL_MSP_EXP432P401R_Crystalfontz128x128_ST7735.obj (.const:$P$T0$1)
                  000044c0    00000014     HAL_I2C.obj (.const:i2cConfig)
                  000044d4    00000008     Crystalfontz128x128_ST7735.obj (.const:$P$T0$1)

.cinit     0    000044e0    00000038     
                  000044e0    00000012     (.cinit..data.load) [load image, compression = lzss]
                  000044f2    00000002     --HOLE-- [fill = 0]
                  000044f4    0000000c     (__TI_handler_table)
                  00004500    00000008     (.cinit..bss.load) [load image, compression = zero_init]
                  00004508    00000010     (__TI_cinit_table)

.init_array 
*          0    00000000    00000000     UNINITIALIZED

.binit     0    00000000    00000000     

.bss       0    20000000    0000002a     UNINITIALIZED
                  20000000    0000001c     (.common:g_sContext)
                  2000001c    00000004     (.common:lux)
                  20000020    00000002     (.common:Lcd_ScreenHeigth)
                  20000022    00000002     (.common:Lcd_ScreenWidth)
                  20000024    00000002     (.common:Lcd_TouchTrim)
                  20000026    00000001     (.common:Lcd_FlagRead)
                  20000027    00000001     (.common:Lcd_FontSolid)
                  20000028    00000001     (.common:Lcd_Orientation)
                  20000029    00000001     (.common:Lcd_PenSolid)

.data      0    2000002c    00000018     UNINITIALIZED
                  2000002c    00000010     Crystalfontz128x128_ST7735.obj (.data:g_sCrystalfontz128x128)
                  2000003c    00000004     rtsv7M4_T_le_v4SPD16_eabi.lib : errno.c.obj (.data)
                  20000040    00000004     system_msp432p401r.obj (.data)

.stack     0    2000fe00    00000200     UNINITIALIZED
                  2000fe00    00000004     rtsv7M4_T_le_v4SPD16_eabi.lib : boot_cortex_m.c.obj (.stack)
                  2000fe04    000001fc     --HOLE--

__llvm_prf_cnts 
*          0    20000000    00000000     UNINITIALIZED

MODULE SUMMARY

       Module                                               code    ro data   rw data
       ------                                               ----    -------   -------
    ./
       system_msp432p401r.obj                               820     0         8      
       main.obj                                             344     0         64     
       HAL_OPT3001.obj                                      316     0         0      
       HAL_I2C.obj                                          280     20        0      
       startup_msp432p401r_ccs.obj                          14      228       0      
    +--+----------------------------------------------------+-------+---------+---------+
       Total:                                               1774    248       72     
                                                                                     
    ./LcdDriver/
       Crystalfontz128x128_ST7735.obj                       1664    40        52     
       HAL_MSP_EXP432P401R_Crystalfontz128x128_ST7735.obj   204     28        0      
    +--+----------------------------------------------------+-------+---------+---------+
       Total:                                               1868    68        52     
                                                                                     
    /Applications/ti/ccs1200/ccs/tools/compiler/ti-cgt-arm_20.2.6.LTS/lib/rtsv7M4_T_le_v4SPD16_eabi.lib
       _printfi.c.obj                                       4851    0         0      
       fd_add_t2.asm.obj                                    438     0         0      
       fd_div_t2.asm.obj                                    310     0         0      
       s_scalbn.c.obj                                       272     0         0      
       fd_cmp_t2.asm.obj                                    268     0         0      
       ctype.c.obj                                          0       257       0      
       fd_mul_t2.asm.obj                                    252     0         0      
       memcpy_t2.asm.obj                                    156     0         0      
       ull_div_t2.asm.obj                                   150     0         0      
       memset_t2.asm.obj                                    122     0         0      
       copy_decompress_lzss.c.obj                           104     0         0      
       s_frexp.c.obj                                        100     0         0      
       sprintf.c.obj                                        98      0         0      
       _ltoa.c.obj                                          84      0         0      
       atoi.c.obj                                           76      0         0      
       fd_toi_t2.asm.obj                                    72      0         0      
       autoinit.c.obj                                       68      0         0      
       fs_tod_t2.asm.obj                                    56      0         0      
       boot_cortex_m.c.obj                                  52      0         0      
       i_tofd_t2.asm.obj                                    46      0         0      
       copy_zero_init.c.obj                                 28      0         0      
       memccpy.c.obj                                        28      0         0      
       s_copysign.c.obj                                     26      0         0      
       strchr.c.obj                                         22      0         0      
       strlen.c.obj                                         20      0         0      
       wcslen.c.obj                                         18      0         0      
       errno.c.obj                                          8       0         8      
       copy_decompress_none.c.obj                           14      0         0      
       exit.c.obj                                           4       0         0      
       pre_init.c.obj                                       4       0         0      
       div0.asm.obj                                         2       0         0      
    +--+----------------------------------------------------+-------+---------+---------+
       Total:                                               7749    257       8      
                                                                                     
    /Users/sinan/ESIOT/simplelink_msp432p4_sdk_3_40_01_02/source/ti/devices/msp432p4xx/driverlib/ccs/msp432p4xx_driverlib.lib
       pcm.o                                                848     0         0      
       i2c.o                                                690     0         0      
       cs.o                                                 356     0         0      
       gpio.o                                               280     48        0      
       spi.o                                                312     0         0      
       flash.o                                              72      0         0      
       wdt_a.o                                              36      0         0      
       interrupt.o                                          16      0         0      
       cpu.o                                                12      0         0      
    +--+----------------------------------------------------+-------+---------+---------+
       Total:                                               2622    48        0      
                                                                                     
    /Users/sinan/ESIOT/simplelink_msp432p4_sdk_3_40_01_02/source/ti/grlib/lib/ccs/m4f/grlib.a
       string.obj                                           1536    0         0      
       fontfixed6x8.obj                                     0       960       0      
       context.obj                                          174     0         0      
       line.obj                                             156     0         0      
       display.obj                                          146     0         0      
    +--+----------------------------------------------------+-------+---------+---------+
       Total:                                               2012    960       0      
                                                                                     
       Stack:                                               0       0         1024   
       Linker Generated:                                    0       54        0      
    +--+----------------------------------------------------+-------+---------+---------+
       Grand Total:                                         16025   1635      1156   


LINKER GENERATED COPY TABLES

__TI_cinit_table @ 00004508 records: 2, size/record: 8, table size: 16
	.data: load addr=000044e0, load size=00000012 bytes, run addr=2000002c, run size=00000018 bytes, compression=lzss
	.bss: load addr=00004500, load size=00000008 bytes, run addr=20000000, run size=0000002a bytes, compression=zero_init


LINKER GENERATED HANDLER TABLE

__TI_handler_table @ 000044f4 records: 3, size/record: 4, table size: 12
	index: 0, handler: __TI_decompress_lzss
	index: 1, handler: __TI_decompress_none
	index: 2, handler: __TI_zero_init


GLOBAL SYMBOLS: SORTED ALPHABETICALLY BY Name 

address   name                                       
-------   ----                                       
00003f67  ADC14_IRQHandler                           
00003f67  AES256_IRQHandler                          
00003f67  BusFault_Handler                           
00003f8d  C$$EXIT                                    
00003f67  COMP_E0_IRQHandler                         
00003f67  COMP_E1_IRQHandler                         
00003f69  CPU_cpsid                                  
00003f67  CS_IRQHandler                              
000025c5  CS_initClockSignal                         
00003b51  CS_setDCOCenteredFrequency                 
00000b35  Crystalfontz128x128_Init                   
00000c49  Crystalfontz128x128_SetDrawFrame           
00000d77  Crystalfontz128x128_SetOrientation         
00003f67  DMA_ERR_IRQHandler                         
00003f67  DMA_INT0_IRQHandler                        
00003f67  DMA_INT1_IRQHandler                        
00003f67  DMA_INT2_IRQHandler                        
00003f67  DMA_INT3_IRQHandler                        
00003f67  DebugMon_Handler                           
00003f67  Default_Handler                            
00003f67  EUSCIA0_IRQHandler                         
00003f67  EUSCIA1_IRQHandler                         
00003f67  EUSCIA2_IRQHandler                         
00003f67  EUSCIA3_IRQHandler                         
00003f67  EUSCIB0_IRQHandler                         
00003f67  EUSCIB1_IRQHandler                         
00003f67  EUSCIB2_IRQHandler                         
00003f67  EUSCIB3_IRQHandler                         
00003df9  EUSCI_A_SPI_enable                         
00003e0f  EUSCI_B_SPI_enable                         
00003f67  FLCTL_IRQHandler                           
00003f67  FPU_IRQHandler                             
0000380d  FlashCtl_setWaitState                      
00003929  GPIO_setAsOutputPin                        
0000313d  GPIO_setAsPeripheralModuleFunctionOutputPin
00003c49  GPIO_setOutputHighOnPin                    
00003c71  GPIO_setOutputLowOnPin                     
00003ef9  Graphics_clearDisplay                      
00003d2d  Graphics_clearDisplayOnDisplay             
00003b19  Graphics_drawHorizontalLineOnDisplay       
00002f6f  Graphics_drawLineH                         
00003c1b  Graphics_drawPixelOnDisplay                
000011b5  Graphics_drawString                        
00003855  Graphics_drawStringCentered                
00002c45  Graphics_getStringWidth                    
0000371d  Graphics_initContext                       
00003d47  Graphics_setBackgroundColor                
00003d61  Graphics_setFont                           
00003e25  Graphics_setForegroundColor                
00003e3b  Graphics_translateColorOnDisplay           
00002d41  HAL_LCD_PortInit                           
00002d71  HAL_LCD_SpiInit                            
00002da7  HAL_LCD_writeCommand                       
00002dd7  HAL_LCD_writeData                          
00003f67  HardFault_Handler                          
00003e51  I2C_clearInterruptFlag                     
00003e67  I2C_disableModule                          
00003e7d  I2C_enableModule                           
00003daf  I2C_getInterruptStatus                     
00002831  I2C_init                                   
00003559  I2C_initMaster                             
00003dc9  I2C_isBusBusy                              
000039a9  I2C_masterReceiveMultiByteFinish           
00003ea9  I2C_masterReceiveMultiByteNext             
00003d7b  I2C_masterReceiveStart                     
000033b9  I2C_masterSendMultiByteFinish              
00003b85  I2C_masterSendMultiByteNext                
00003425  I2C_masterSendMultiByteStart               
00003aa9  I2C_masterSendMultiByteStop                
00002849  I2C_read16                                 
00003cbd  I2C_setMode                                
00003ebd  I2C_setSlaveAddress                        
00002913  I2C_setslave                               
000028cf  I2C_write16                                
00002819  Init_I2C_GPIO                              
00003f1d  Interrupt_disableMaster                    
20000026  Lcd_FlagRead                               
20000027  Lcd_FontSolid                              
20000028  Lcd_Orientation                            
20000029  Lcd_PenSolid                               
20000020  Lcd_ScreenHeigth                           
20000022  Lcd_ScreenWidth                            
20000024  Lcd_TouchTrim                              
00003f67  MemManage_Handler                          
00003f67  NMI_Handler                                
00002279  OPT3001_getLux                             
00002215  OPT3001_init                               
00002249  OPT3001_readConfigReg                      
00002239  OPT3001_readDeviceId                       
00002269  OPT3001_readHighLimitReg                   
00002259  OPT3001_readLowLimitReg                    
00002229  OPT3001_readManufacturerId                 
00003f67  PCM_IRQHandler                             
000035bb  PCM_getCoreVoltageLevel                    
00003619  PCM_getPowerMode                           
00003ed1  PCM_getPowerState                          
00003f2d  PCM_setCoreVoltageLevel                    
00003f3d  PCM_setPowerMode                           
00003f67  PORT1_IRQHandler                           
00003f67  PORT2_IRQHandler                           
00003f67  PORT3_IRQHandler                           
00003f67  PORT4_IRQHandler                           
00003f67  PORT5_IRQHandler                           
00003f67  PORT6_IRQHandler                           
00003f67  PSS_IRQHandler                             
00003f67  PendSV_Handler                             
00003f67  RTC_C_IRQHandler                           
00003f5b  Reset_Handler                              
00003cd9  SPI_enableModule                           
00002ebf  SPI_initMaster                             
00003f67  SVC_Handler                                
00003f67  SysTick_Handler                            
20000040  SystemCoreClock                            
00001635  SystemCoreClockUpdate                      
000018ad  SystemInit                                 
00003f67  T32_INT1_IRQHandler                        
00003f67  T32_INT2_IRQHandler                        
00003f67  T32_INTC_IRQHandler                        
00003f67  TA0_0_IRQHandler                           
00003f67  TA0_N_IRQHandler                           
00003f67  TA1_0_IRQHandler                           
00003f67  TA1_N_IRQHandler                           
00003f67  TA2_0_IRQHandler                           
00003f67  TA2_N_IRQHandler                           
00003f67  TA3_0_IRQHandler                           
00003f67  TA3_N_IRQHandler                           
00003f67  UsageFault_Handler                         
4000480c  WDTCTL_SYM                                 
00003f67  WDT_A_IRQHandler                           
00003c99  WDT_A_holdTimer                            
20010000  __STACK_END                                
00000200  __STACK_SIZE                               
00004508  __TI_CINIT_Base                            
00004518  __TI_CINIT_Limit                           
000044f4  __TI_Handler_Table_Base                    
00004500  __TI_Handler_Table_Limit                   
000038e5  __TI_auto_init_nobinit_nopinit             
0000348d  __TI_decompress_lzss                       
00003f4d  __TI_decompress_none                       
000036c9  __TI_ltoa                                  
ffffffff  __TI_pprof_out_hndl                        
000000e5  __TI_printfi                               
ffffffff  __TI_prof_data_size                        
ffffffff  __TI_prof_data_start                       
00000000  __TI_static_base__                         
00003cf5  __TI_zero_init_nomemset                    
000031c5  __aeabi_cdcmpeq                            
000031c5  __aeabi_cdcmple                            
0000324b  __aeabi_cdrcmple                           
0000389d  __aeabi_d2iz                               
00001db3  __aeabi_dadd                               
0000248d  __aeabi_ddiv                               
00002b49  __aeabi_dmul                               
00001da9  __aeabi_dsub                               
00003f81  __aeabi_errno_addr                         
00003ae1  __aeabi_f2d                                
00003bed  __aeabi_i2d                                
00000b33  __aeabi_idiv0                              
00000b33  __aeabi_ldiv0                              
000032d1  __aeabi_memclr                             
000032d1  __aeabi_memclr4                            
000032d1  __aeabi_memclr8                            
0000300b  __aeabi_memcpy                             
0000300b  __aeabi_memcpy4                            
0000300b  __aeabi_memcpy8                            
000032d3  __aeabi_memset                             
000032d3  __aeabi_memset4                            
000032d3  __aeabi_memset8                            
000030a7  __aeabi_uldivmod                           
ffffffff  __binit__                                  
ffffffff  __c_args__                                 
UNDEFED   __mpu_init                                 
2000fe00  __stack                                    
20000000  __start___llvm_prf_cnts                    
20000000  __stop___llvm_prf_cnts                     
00003bb9  _c_int00_noargs                            
00004288  _ctypes_                                   
000020dd  _graphicsInit                              
00002117  _hwInit                                    
000020bd  _lightSensorInit                           
UNDEFED   _system_post_cinit                         
00003f89  _system_pre_init                           
00003f8d  abort                                      
000037c1  atoi                                       
ffffffff  binit                                      
00003d95  copysign                                   
00003d95  copysignl                                  
2000003c  errno                                      
000034f5  frexp                                      
000034f5  frexpl                                     
20000000  g_sContext                                 
2000002c  g_sCrystalfontz128x128                     
00004484  g_sCrystalfontz128x128_funcs               
0000438c  g_sFontFixed6x8                            
000044c0  i2cConfig                                  
00000000  interruptVectors                           
00002931  ldexp                                      
00002931  ldexpl                                     
2000001c  lux                                        
00002171  main                                       
00003d11  memccpy                                    
0000300b  memcpy                                     
000032d9  memset                                     
00002931  scalbn                                     
00002931  scalbnl                                    
00003a29  sprintf                                    
00003e93  strchr                                     
00003ee5  strlen                                     
00003f0b  wcslen                                     


GLOBAL SYMBOLS: SORTED BY Symbol Address 

address   name                                       
-------   ----                                       
00000000  __TI_static_base__                         
00000000  interruptVectors                           
000000e5  __TI_printfi                               
00000200  __STACK_SIZE                               
00000b33  __aeabi_idiv0                              
00000b33  __aeabi_ldiv0                              
00000b35  Crystalfontz128x128_Init                   
00000c49  Crystalfontz128x128_SetDrawFrame           
00000d77  Crystalfontz128x128_SetOrientation         
000011b5  Graphics_drawString                        
00001635  SystemCoreClockUpdate                      
000018ad  SystemInit                                 
00001da9  __aeabi_dsub                               
00001db3  __aeabi_dadd                               
000020bd  _lightSensorInit                           
000020dd  _graphicsInit                              
00002117  _hwInit                                    
00002171  main                                       
00002215  OPT3001_init                               
00002229  OPT3001_readManufacturerId                 
00002239  OPT3001_readDeviceId                       
00002249  OPT3001_readConfigReg                      
00002259  OPT3001_readLowLimitReg                    
00002269  OPT3001_readHighLimitReg                   
00002279  OPT3001_getLux                             
0000248d  __aeabi_ddiv                               
000025c5  CS_initClockSignal                         
00002819  Init_I2C_GPIO                              
00002831  I2C_init                                   
00002849  I2C_read16                                 
000028cf  I2C_write16                                
00002913  I2C_setslave                               
00002931  ldexp                                      
00002931  ldexpl                                     
00002931  scalbn                                     
00002931  scalbnl                                    
00002b49  __aeabi_dmul                               
00002c45  Graphics_getStringWidth                    
00002d41  HAL_LCD_PortInit                           
00002d71  HAL_LCD_SpiInit                            
00002da7  HAL_LCD_writeCommand                       
00002dd7  HAL_LCD_writeData                          
00002ebf  SPI_initMaster                             
00002f6f  Graphics_drawLineH                         
0000300b  __aeabi_memcpy                             
0000300b  __aeabi_memcpy4                            
0000300b  __aeabi_memcpy8                            
0000300b  memcpy                                     
000030a7  __aeabi_uldivmod                           
0000313d  GPIO_setAsPeripheralModuleFunctionOutputPin
000031c5  __aeabi_cdcmpeq                            
000031c5  __aeabi_cdcmple                            
0000324b  __aeabi_cdrcmple                           
000032d1  __aeabi_memclr                             
000032d1  __aeabi_memclr4                            
000032d1  __aeabi_memclr8                            
000032d3  __aeabi_memset                             
000032d3  __aeabi_memset4                            
000032d3  __aeabi_memset8                            
000032d9  memset                                     
000033b9  I2C_masterSendMultiByteFinish              
00003425  I2C_masterSendMultiByteStart               
0000348d  __TI_decompress_lzss                       
000034f5  frexp                                      
000034f5  frexpl                                     
00003559  I2C_initMaster                             
000035bb  PCM_getCoreVoltageLevel                    
00003619  PCM_getPowerMode                           
000036c9  __TI_ltoa                                  
0000371d  Graphics_initContext                       
000037c1  atoi                                       
0000380d  FlashCtl_setWaitState                      
00003855  Graphics_drawStringCentered                
0000389d  __aeabi_d2iz                               
000038e5  __TI_auto_init_nobinit_nopinit             
00003929  GPIO_setAsOutputPin                        
000039a9  I2C_masterReceiveMultiByteFinish           
00003a29  sprintf                                    
00003aa9  I2C_masterSendMultiByteStop                
00003ae1  __aeabi_f2d                                
00003b19  Graphics_drawHorizontalLineOnDisplay       
00003b51  CS_setDCOCenteredFrequency                 
00003b85  I2C_masterSendMultiByteNext                
00003bb9  _c_int00_noargs                            
00003bed  __aeabi_i2d                                
00003c1b  Graphics_drawPixelOnDisplay                
00003c49  GPIO_setOutputHighOnPin                    
00003c71  GPIO_setOutputLowOnPin                     
00003c99  WDT_A_holdTimer                            
00003cbd  I2C_setMode                                
00003cd9  SPI_enableModule                           
00003cf5  __TI_zero_init_nomemset                    
00003d11  memccpy                                    
00003d2d  Graphics_clearDisplayOnDisplay             
00003d47  Graphics_setBackgroundColor                
00003d61  Graphics_setFont                           
00003d7b  I2C_masterReceiveStart                     
00003d95  copysign                                   
00003d95  copysignl                                  
00003daf  I2C_getInterruptStatus                     
00003dc9  I2C_isBusBusy                              
00003df9  EUSCI_A_SPI_enable                         
00003e0f  EUSCI_B_SPI_enable                         
00003e25  Graphics_setForegroundColor                
00003e3b  Graphics_translateColorOnDisplay           
00003e51  I2C_clearInterruptFlag                     
00003e67  I2C_disableModule                          
00003e7d  I2C_enableModule                           
00003e93  strchr                                     
00003ea9  I2C_masterReceiveMultiByteNext             
00003ebd  I2C_setSlaveAddress                        
00003ed1  PCM_getPowerState                          
00003ee5  strlen                                     
00003ef9  Graphics_clearDisplay                      
00003f0b  wcslen                                     
00003f1d  Interrupt_disableMaster                    
00003f2d  PCM_setCoreVoltageLevel                    
00003f3d  PCM_setPowerMode                           
00003f4d  __TI_decompress_none                       
00003f5b  Reset_Handler                              
00003f67  ADC14_IRQHandler                           
00003f67  AES256_IRQHandler                          
00003f67  BusFault_Handler                           
00003f67  COMP_E0_IRQHandler                         
00003f67  COMP_E1_IRQHandler                         
00003f67  CS_IRQHandler                              
00003f67  DMA_ERR_IRQHandler                         
00003f67  DMA_INT0_IRQHandler                        
00003f67  DMA_INT1_IRQHandler                        
00003f67  DMA_INT2_IRQHandler                        
00003f67  DMA_INT3_IRQHandler                        
00003f67  DebugMon_Handler                           
00003f67  Default_Handler                            
00003f67  EUSCIA0_IRQHandler                         
00003f67  EUSCIA1_IRQHandler                         
00003f67  EUSCIA2_IRQHandler                         
00003f67  EUSCIA3_IRQHandler                         
00003f67  EUSCIB0_IRQHandler                         
00003f67  EUSCIB1_IRQHandler                         
00003f67  EUSCIB2_IRQHandler                         
00003f67  EUSCIB3_IRQHandler                         
00003f67  FLCTL_IRQHandler                           
00003f67  FPU_IRQHandler                             
00003f67  HardFault_Handler                          
00003f67  MemManage_Handler                          
00003f67  NMI_Handler                                
00003f67  PCM_IRQHandler                             
00003f67  PORT1_IRQHandler                           
00003f67  PORT2_IRQHandler                           
00003f67  PORT3_IRQHandler                           
00003f67  PORT4_IRQHandler                           
00003f67  PORT5_IRQHandler                           
00003f67  PORT6_IRQHandler                           
00003f67  PSS_IRQHandler                             
00003f67  PendSV_Handler                             
00003f67  RTC_C_IRQHandler                           
00003f67  SVC_Handler                                
00003f67  SysTick_Handler                            
00003f67  T32_INT1_IRQHandler                        
00003f67  T32_INT2_IRQHandler                        
00003f67  T32_INTC_IRQHandler                        
00003f67  TA0_0_IRQHandler                           
00003f67  TA0_N_IRQHandler                           
00003f67  TA1_0_IRQHandler                           
00003f67  TA1_N_IRQHandler                           
00003f67  TA2_0_IRQHandler                           
00003f67  TA2_N_IRQHandler                           
00003f67  TA3_0_IRQHandler                           
00003f67  TA3_N_IRQHandler                           
00003f67  UsageFault_Handler                         
00003f67  WDT_A_IRQHandler                           
00003f69  CPU_cpsid                                  
00003f81  __aeabi_errno_addr                         
00003f89  _system_pre_init                           
00003f8d  C$$EXIT                                    
00003f8d  abort                                      
00004288  _ctypes_                                   
0000438c  g_sFontFixed6x8                            
00004484  g_sCrystalfontz128x128_funcs               
000044c0  i2cConfig                                  
000044f4  __TI_Handler_Table_Base                    
00004500  __TI_Handler_Table_Limit                   
00004508  __TI_CINIT_Base                            
00004518  __TI_CINIT_Limit                           
20000000  __start___llvm_prf_cnts                    
20000000  __stop___llvm_prf_cnts                     
20000000  g_sContext                                 
2000001c  lux                                        
20000020  Lcd_ScreenHeigth                           
20000022  Lcd_ScreenWidth                            
20000024  Lcd_TouchTrim                              
20000026  Lcd_FlagRead                               
20000027  Lcd_FontSolid                              
20000028  Lcd_Orientation                            
20000029  Lcd_PenSolid                               
2000002c  g_sCrystalfontz128x128                     
2000003c  errno                                      
20000040  SystemCoreClock                            
2000fe00  __stack                                    
20010000  __STACK_END                                
4000480c  WDTCTL_SYM                                 
ffffffff  __TI_pprof_out_hndl                        
ffffffff  __TI_prof_data_size                        
ffffffff  __TI_prof_data_start                       
ffffffff  __binit__                                  
ffffffff  __c_args__                                 
ffffffff  binit                                      
UNDEFED   __mpu_init                                 
UNDEFED   _system_post_cinit                         

[209 symbols]
